<!doctype html public "-//w3c//dtd html 4.0 transitional//en">
<html><head>
<title>Static Call Graph - [.\Objects\GalileoHand_TeensyKeil.axf]</title></head>
<body><HR>
<H1>Static Call Graph for image .\Objects\GalileoHand_TeensyKeil.axf</H1><HR>
<BR><P>#&#060CALLGRAPH&#062# ARM Linker, 5060183: Last Updated: Thu May 18 15:55:33 2017
<BR><P>
<H3>Maximum Stack Usage =         36 bytes + Unknown(Functions without stacksize, Cycles, Untraceable Function Pointers)</H3><H3>
Call chain for Maximum Stack Depth:</H3>
__rt_entry_main &rArr; main &rArr; Finger_Action &rArr; arm_mean_q15
<P>
<H3>
Functions with no stack information
</H3><UL>
 <LI><a href="#[71]">__user_initial_stackheap</a>
</UL>
</UL>
<P>
<H3>
Mutually Recursive functions
</H3> <LI><a href="#[4]">NMI_Handler</a>&nbsp;&nbsp;&nbsp;&rArr;&nbsp;&nbsp;&nbsp;<a href="#[4]">NMI_Handler</a><BR>
 <LI><a href="#[5]">HardFault_Handler</a>&nbsp;&nbsp;&nbsp;&rArr;&nbsp;&nbsp;&nbsp;<a href="#[5]">HardFault_Handler</a><BR>
 <LI><a href="#[6]">MemManage_Handler</a>&nbsp;&nbsp;&nbsp;&rArr;&nbsp;&nbsp;&nbsp;<a href="#[6]">MemManage_Handler</a><BR>
 <LI><a href="#[7]">BusFault_Handler</a>&nbsp;&nbsp;&nbsp;&rArr;&nbsp;&nbsp;&nbsp;<a href="#[7]">BusFault_Handler</a><BR>
 <LI><a href="#[8]">UsageFault_Handler</a>&nbsp;&nbsp;&nbsp;&rArr;&nbsp;&nbsp;&nbsp;<a href="#[8]">UsageFault_Handler</a><BR>
 <LI><a href="#[9]">SVC_Handler</a>&nbsp;&nbsp;&nbsp;&rArr;&nbsp;&nbsp;&nbsp;<a href="#[9]">SVC_Handler</a><BR>
 <LI><a href="#[a]">DebugMon_Handler</a>&nbsp;&nbsp;&nbsp;&rArr;&nbsp;&nbsp;&nbsp;<a href="#[a]">DebugMon_Handler</a><BR>
 <LI><a href="#[b]">PendSV_Handler</a>&nbsp;&nbsp;&nbsp;&rArr;&nbsp;&nbsp;&nbsp;<a href="#[b]">PendSV_Handler</a><BR>
 <LI><a href="#[46]">ADC0_IRQHandler</a>&nbsp;&nbsp;&nbsp;&rArr;&nbsp;&nbsp;&nbsp;<a href="#[46]">ADC0_IRQHandler</a><BR>
</UL>
<P>
<H3>
Function Pointers
</H3><UL>
 <LI><a href="#[46]">ADC0_IRQHandler</a> from startup_mk20d7.o(.text) referenced from startup_mk20d7.o(RESET)
 <LI><a href="#[47]">ADC1_IRQHandler</a> from startup_mk20d7.o(.text) referenced from startup_mk20d7.o(RESET)
 <LI><a href="#[7]">BusFault_Handler</a> from startup_mk20d7.o(.text) referenced from startup_mk20d7.o(RESET)
 <LI><a href="#[2b]">CAN0_Bus_Off_IRQHandler</a> from startup_mk20d7.o(.text) referenced from startup_mk20d7.o(RESET)
 <LI><a href="#[2c]">CAN0_Error_IRQHandler</a> from startup_mk20d7.o(.text) referenced from startup_mk20d7.o(RESET)
 <LI><a href="#[2a]">CAN0_ORed_Message_buffer_IRQHandler</a> from startup_mk20d7.o(.text) referenced from startup_mk20d7.o(RESET)
 <LI><a href="#[2e]">CAN0_Rx_Warning_IRQHandler</a> from startup_mk20d7.o(.text) referenced from startup_mk20d7.o(RESET)
 <LI><a href="#[2d]">CAN0_Tx_Warning_IRQHandler</a> from startup_mk20d7.o(.text) referenced from startup_mk20d7.o(RESET)
 <LI><a href="#[2f]">CAN0_Wake_Up_IRQHandler</a> from startup_mk20d7.o(.text) referenced from startup_mk20d7.o(RESET)
 <LI><a href="#[48]">CMP0_IRQHandler</a> from startup_mk20d7.o(.text) referenced from startup_mk20d7.o(RESET)
 <LI><a href="#[49]">CMP1_IRQHandler</a> from startup_mk20d7.o(.text) referenced from startup_mk20d7.o(RESET)
 <LI><a href="#[4a]">CMP2_IRQHandler</a> from startup_mk20d7.o(.text) referenced from startup_mk20d7.o(RESET)
 <LI><a href="#[4e]">CMT_IRQHandler</a> from startup_mk20d7.o(.text) referenced from startup_mk20d7.o(RESET)
 <LI><a href="#[5e]">DAC0_IRQHandler</a> from startup_mk20d7.o(.text) referenced from startup_mk20d7.o(RESET)
 <LI><a href="#[d]">DMA0_IRQHandler</a> from startup_mk20d7.o(.text) referenced from startup_mk20d7.o(RESET)
 <LI><a href="#[17]">DMA10_IRQHandler</a> from startup_mk20d7.o(.text) referenced from startup_mk20d7.o(RESET)
 <LI><a href="#[18]">DMA11_IRQHandler</a> from startup_mk20d7.o(.text) referenced from startup_mk20d7.o(RESET)
 <LI><a href="#[19]">DMA12_IRQHandler</a> from startup_mk20d7.o(.text) referenced from startup_mk20d7.o(RESET)
 <LI><a href="#[1a]">DMA13_IRQHandler</a> from startup_mk20d7.o(.text) referenced from startup_mk20d7.o(RESET)
 <LI><a href="#[1b]">DMA14_IRQHandler</a> from startup_mk20d7.o(.text) referenced from startup_mk20d7.o(RESET)
 <LI><a href="#[1c]">DMA15_IRQHandler</a> from startup_mk20d7.o(.text) referenced from startup_mk20d7.o(RESET)
 <LI><a href="#[e]">DMA1_IRQHandler</a> from startup_mk20d7.o(.text) referenced from startup_mk20d7.o(RESET)
 <LI><a href="#[f]">DMA2_IRQHandler</a> from startup_mk20d7.o(.text) referenced from startup_mk20d7.o(RESET)
 <LI><a href="#[10]">DMA3_IRQHandler</a> from startup_mk20d7.o(.text) referenced from startup_mk20d7.o(RESET)
 <LI><a href="#[11]">DMA4_IRQHandler</a> from startup_mk20d7.o(.text) referenced from startup_mk20d7.o(RESET)
 <LI><a href="#[12]">DMA5_IRQHandler</a> from startup_mk20d7.o(.text) referenced from startup_mk20d7.o(RESET)
 <LI><a href="#[13]">DMA6_IRQHandler</a> from startup_mk20d7.o(.text) referenced from startup_mk20d7.o(RESET)
 <LI><a href="#[14]">DMA7_IRQHandler</a> from startup_mk20d7.o(.text) referenced from startup_mk20d7.o(RESET)
 <LI><a href="#[15]">DMA8_IRQHandler</a> from startup_mk20d7.o(.text) referenced from startup_mk20d7.o(RESET)
 <LI><a href="#[16]">DMA9_IRQHandler</a> from startup_mk20d7.o(.text) referenced from startup_mk20d7.o(RESET)
 <LI><a href="#[1d]">DMA_Error_IRQHandler</a> from startup_mk20d7.o(.text) referenced from startup_mk20d7.o(RESET)
 <LI><a href="#[a]">DebugMon_Handler</a> from startup_mk20d7.o(.text) referenced from startup_mk20d7.o(RESET)
 <LI><a href="#[6c]">DefaultISR</a> from startup_mk20d7.o(.text) referenced 145 times from startup_mk20d7.o(RESET)
 <LI><a href="#[1f]">FTFL_IRQHandler</a> from startup_mk20d7.o(.text) referenced from startup_mk20d7.o(RESET)
 <LI><a href="#[4b]">FTM0_IRQHandler</a> from startup_mk20d7.o(.text) referenced from startup_mk20d7.o(RESET)
 <LI><a href="#[4c]">FTM1_IRQHandler</a> from startup_mk20d7.o(.text) referenced from startup_mk20d7.o(RESET)
 <LI><a href="#[4d]">FTM2_IRQHandler</a> from startup_mk20d7.o(.text) referenced from startup_mk20d7.o(RESET)
 <LI><a href="#[5]">HardFault_Handler</a> from startup_mk20d7.o(.text) referenced from startup_mk20d7.o(RESET)
 <LI><a href="#[25]">I2C0_IRQHandler</a> from startup_mk20d7.o(.text) referenced from startup_mk20d7.o(RESET)
 <LI><a href="#[26]">I2C1_IRQHandler</a> from startup_mk20d7.o(.text) referenced from startup_mk20d7.o(RESET)
 <LI><a href="#[31]">I2S0_Rx_IRQHandler</a> from startup_mk20d7.o(.text) referenced from startup_mk20d7.o(RESET)
 <LI><a href="#[30]">I2S0_Tx_IRQHandler</a> from startup_mk20d7.o(.text) referenced from startup_mk20d7.o(RESET)
 <LI><a href="#[22]">LLW_IRQHandler</a> from startup_mk20d7.o(.text) referenced from startup_mk20d7.o(RESET)
 <LI><a href="#[62]">LPTimer_IRQHandler</a> from startup_mk20d7.o(.text) referenced from startup_mk20d7.o(RESET)
 <LI><a href="#[21]">LVD_LVW_IRQHandler</a> from startup_mk20d7.o(.text) referenced from startup_mk20d7.o(RESET)
 <LI><a href="#[61]">MCG_IRQHandler</a> from startup_mk20d7.o(.text) referenced from startup_mk20d7.o(RESET)
 <LI><a href="#[1e]">MCM_IRQHandler</a> from startup_mk20d7.o(.text) referenced from startup_mk20d7.o(RESET)
 <LI><a href="#[6]">MemManage_Handler</a> from startup_mk20d7.o(.text) referenced from startup_mk20d7.o(RESET)
 <LI><a href="#[4]">NMI_Handler</a> from startup_mk20d7.o(.text) referenced from startup_mk20d7.o(RESET)
 <LI><a href="#[55]">PDB0_IRQHandler</a> from startup_mk20d7.o(.text) referenced from startup_mk20d7.o(RESET)
 <LI><a href="#[51]">PIT0_IRQHandler</a> from startup_mk20d7.o(.text) referenced from startup_mk20d7.o(RESET)
 <LI><a href="#[52]">PIT1_IRQHandler</a> from startup_mk20d7.o(.text) referenced from startup_mk20d7.o(RESET)
 <LI><a href="#[53]">PIT2_IRQHandler</a> from startup_mk20d7.o(.text) referenced from startup_mk20d7.o(RESET)
 <LI><a href="#[54]">PIT3_IRQHandler</a> from startup_mk20d7.o(.text) referenced from startup_mk20d7.o(RESET)
 <LI><a href="#[64]">PORTA_IRQHandler</a> from startup_mk20d7.o(.text) referenced from startup_mk20d7.o(RESET)
 <LI><a href="#[65]">PORTB_IRQHandler</a> from startup_mk20d7.o(.text) referenced from startup_mk20d7.o(RESET)
 <LI><a href="#[66]">PORTC_IRQHandler</a> from main.o(i.PORTC_IRQHandler) referenced from startup_mk20d7.o(RESET)
 <LI><a href="#[67]">PORTD_IRQHandler</a> from startup_mk20d7.o(.text) referenced from startup_mk20d7.o(RESET)
 <LI><a href="#[68]">PORTE_IRQHandler</a> from startup_mk20d7.o(.text) referenced from startup_mk20d7.o(RESET)
 <LI><a href="#[b]">PendSV_Handler</a> from startup_mk20d7.o(.text) referenced from startup_mk20d7.o(RESET)
 <LI><a href="#[4f]">RTC_IRQHandler</a> from startup_mk20d7.o(.text) referenced from startup_mk20d7.o(RESET)
 <LI><a href="#[50]">RTC_Seconds_IRQHandler</a> from startup_mk20d7.o(.text) referenced from startup_mk20d7.o(RESET)
 <LI><a href="#[20]">Read_Collision_IRQHandler</a> from startup_mk20d7.o(.text) referenced from startup_mk20d7.o(RESET)
 <LI><a href="#[63]">Reserved102_IRQHandler</a> from startup_mk20d7.o(.text) referenced from startup_mk20d7.o(RESET)
 <LI><a href="#[69]">Reserved108_IRQHandler</a> from startup_mk20d7.o(.text) referenced from startup_mk20d7.o(RESET)
 <LI><a href="#[6a]">Reserved109_IRQHandler</a> from startup_mk20d7.o(.text) referenced from startup_mk20d7.o(RESET)
 <LI><a href="#[24]">Reserved39_IRQHandler</a> from startup_mk20d7.o(.text) referenced from startup_mk20d7.o(RESET)
 <LI><a href="#[29]">Reserved44_IRQHandler</a> from startup_mk20d7.o(.text) referenced from startup_mk20d7.o(RESET)
 <LI><a href="#[32]">Reserved53_IRQHandler</a> from startup_mk20d7.o(.text) referenced from startup_mk20d7.o(RESET)
 <LI><a href="#[33]">Reserved54_IRQHandler</a> from startup_mk20d7.o(.text) referenced from startup_mk20d7.o(RESET)
 <LI><a href="#[34]">Reserved55_IRQHandler</a> from startup_mk20d7.o(.text) referenced from startup_mk20d7.o(RESET)
 <LI><a href="#[35]">Reserved56_IRQHandler</a> from startup_mk20d7.o(.text) referenced from startup_mk20d7.o(RESET)
 <LI><a href="#[36]">Reserved57_IRQHandler</a> from startup_mk20d7.o(.text) referenced from startup_mk20d7.o(RESET)
 <LI><a href="#[37]">Reserved58_IRQHandler</a> from startup_mk20d7.o(.text) referenced from startup_mk20d7.o(RESET)
 <LI><a href="#[38]">Reserved59_IRQHandler</a> from startup_mk20d7.o(.text) referenced from startup_mk20d7.o(RESET)
 <LI><a href="#[44]">Reserved71_IRQHandler</a> from startup_mk20d7.o(.text) referenced from startup_mk20d7.o(RESET)
 <LI><a href="#[45]">Reserved72_IRQHandler</a> from startup_mk20d7.o(.text) referenced from startup_mk20d7.o(RESET)
 <LI><a href="#[58]">Reserved91_IRQHandler</a> from startup_mk20d7.o(.text) referenced from startup_mk20d7.o(RESET)
 <LI><a href="#[59]">Reserved92_IRQHandler</a> from startup_mk20d7.o(.text) referenced from startup_mk20d7.o(RESET)
 <LI><a href="#[5a]">Reserved93_IRQHandler</a> from startup_mk20d7.o(.text) referenced from startup_mk20d7.o(RESET)
 <LI><a href="#[5b]">Reserved94_IRQHandler</a> from startup_mk20d7.o(.text) referenced from startup_mk20d7.o(RESET)
 <LI><a href="#[5c]">Reserved95_IRQHandler</a> from startup_mk20d7.o(.text) referenced from startup_mk20d7.o(RESET)
 <LI><a href="#[5d]">Reserved96_IRQHandler</a> from startup_mk20d7.o(.text) referenced from startup_mk20d7.o(RESET)
 <LI><a href="#[5f]">Reserved98_IRQHandler</a> from startup_mk20d7.o(.text) referenced from startup_mk20d7.o(RESET)
 <LI><a href="#[6f]">Reset_Handler</a> from startup_mk20d7.o(.text) referenced from startup_mk20d7.o(RESET)
 <LI><a href="#[27]">SPI0_IRQHandler</a> from startup_mk20d7.o(.text) referenced from startup_mk20d7.o(RESET)
 <LI><a href="#[28]">SPI1_IRQHandler</a> from startup_mk20d7.o(.text) referenced from startup_mk20d7.o(RESET)
 <LI><a href="#[9]">SVC_Handler</a> from startup_mk20d7.o(.text) referenced from startup_mk20d7.o(RESET)
 <LI><a href="#[6b]">SWI_IRQHandler</a> from startup_mk20d7.o(.text) referenced from startup_mk20d7.o(RESET)
 <LI><a href="#[c]">SysTick_Handler</a> from main.o(i.SysTick_Handler) referenced from startup_mk20d7.o(RESET)
 <LI><a href="#[6d]">SystemInit</a> from system_mk20d7.o(i.SystemInit) referenced from startup_mk20d7.o(.text)
 <LI><a href="#[60]">TSI0_IRQHandler</a> from startup_mk20d7.o(.text) referenced from startup_mk20d7.o(RESET)
 <LI><a href="#[3b]">UART0_ERR_IRQHandler</a> from startup_mk20d7.o(.text) referenced from startup_mk20d7.o(RESET)
 <LI><a href="#[39]">UART0_LON_IRQHandler</a> from startup_mk20d7.o(.text) referenced from startup_mk20d7.o(RESET)
 <LI><a href="#[3a]">UART0_RX_TX_IRQHandler</a> from main.o(i.UART0_RX_TX_IRQHandler) referenced from startup_mk20d7.o(RESET)
 <LI><a href="#[3d]">UART1_ERR_IRQHandler</a> from startup_mk20d7.o(.text) referenced from startup_mk20d7.o(RESET)
 <LI><a href="#[3c]">UART1_RX_TX_IRQHandler</a> from startup_mk20d7.o(.text) referenced from startup_mk20d7.o(RESET)
 <LI><a href="#[3f]">UART2_ERR_IRQHandler</a> from startup_mk20d7.o(.text) referenced from startup_mk20d7.o(RESET)
 <LI><a href="#[3e]">UART2_RX_TX_IRQHandler</a> from startup_mk20d7.o(.text) referenced from startup_mk20d7.o(RESET)
 <LI><a href="#[41]">UART3_ERR_IRQHandler</a> from startup_mk20d7.o(.text) referenced from startup_mk20d7.o(RESET)
 <LI><a href="#[40]">UART3_RX_TX_IRQHandler</a> from startup_mk20d7.o(.text) referenced from startup_mk20d7.o(RESET)
 <LI><a href="#[43]">UART4_ERR_IRQHandler</a> from startup_mk20d7.o(.text) referenced from startup_mk20d7.o(RESET)
 <LI><a href="#[42]">UART4_RX_TX_IRQHandler</a> from startup_mk20d7.o(.text) referenced from startup_mk20d7.o(RESET)
 <LI><a href="#[56]">USB0_IRQHandler</a> from startup_mk20d7.o(.text) referenced from startup_mk20d7.o(RESET)
 <LI><a href="#[57]">USBDCD_IRQHandler</a> from startup_mk20d7.o(.text) referenced from startup_mk20d7.o(RESET)
 <LI><a href="#[8]">UsageFault_Handler</a> from startup_mk20d7.o(.text) referenced from startup_mk20d7.o(RESET)
 <LI><a href="#[23]">Watchdog_IRQHandler</a> from startup_mk20d7.o(.text) referenced from startup_mk20d7.o(RESET)
 <LI><a href="#[70]">__main</a> from __main.o(!!!main) referenced from startup_mk20d7.o(.text)
</UL>
<P>
<H3>
Global Symbols
</H3>
<P><STRONG><a name="[70]"></a>__main</STRONG> (Thumb, 8 bytes, Stack size 0 bytes, __main.o(!!!main))
<BR><BR>[Calls]<UL><LI><a href="#[73]">&gt;&gt;</a>&nbsp;&nbsp;&nbsp;__rt_entry
<LI><a href="#[72]">&gt;&gt;</a>&nbsp;&nbsp;&nbsp;__scatterload
</UL>

<P><STRONG><a name="[72]"></a>__scatterload</STRONG> (Thumb, 0 bytes, Stack size unknown bytes, __scatter.o(!!!scatter))
<BR><BR>[Called By]<UL><LI><a href="#[70]">&gt;&gt;</a>&nbsp;&nbsp;&nbsp;__main
</UL>

<P><STRONG><a name="[74]"></a>__scatterload_rt2</STRONG> (Thumb, 44 bytes, Stack size unknown bytes, __scatter.o(!!!scatter), UNUSED)
<BR><BR>[Calls]<UL><LI><a href="#[73]">&gt;&gt;</a>&nbsp;&nbsp;&nbsp;__rt_entry
</UL>

<P><STRONG><a name="[93]"></a>__scatterload_rt2_thumb_only</STRONG> (Thumb, 0 bytes, Stack size unknown bytes, __scatter.o(!!!scatter), UNUSED)

<P><STRONG><a name="[94]"></a>__scatterload_null</STRONG> (Thumb, 0 bytes, Stack size unknown bytes, __scatter.o(!!!scatter), UNUSED)

<P><STRONG><a name="[95]"></a>__decompress</STRONG> (Thumb, 90 bytes, Stack size unknown bytes, __dczerorl2.o(!!dczerorl2), UNUSED)

<P><STRONG><a name="[96]"></a>__decompress1</STRONG> (Thumb, 0 bytes, Stack size unknown bytes, __dczerorl2.o(!!dczerorl2), UNUSED)

<P><STRONG><a name="[97]"></a>__scatterload_zeroinit</STRONG> (Thumb, 28 bytes, Stack size unknown bytes, __scatter_zi.o(!!handler_zi), UNUSED)

<P><STRONG><a name="[78]"></a>__rt_lib_init</STRONG> (Thumb, 0 bytes, Stack size unknown bytes, libinit.o(.ARM.Collect$$libinit$$00000000))
<BR><BR>[Called By]<UL><LI><a href="#[77]">&gt;&gt;</a>&nbsp;&nbsp;&nbsp;__rt_entry_li
</UL>

<P><STRONG><a name="[98]"></a>__rt_lib_init_alloca_1</STRONG> (Thumb, 0 bytes, Stack size unknown bytes, libinit2.o(.ARM.Collect$$libinit$$0000002E))

<P><STRONG><a name="[99]"></a>__rt_lib_init_argv_1</STRONG> (Thumb, 0 bytes, Stack size unknown bytes, libinit2.o(.ARM.Collect$$libinit$$0000002C))

<P><STRONG><a name="[9a]"></a>__rt_lib_init_atexit_1</STRONG> (Thumb, 0 bytes, Stack size unknown bytes, libinit2.o(.ARM.Collect$$libinit$$0000001B))

<P><STRONG><a name="[9b]"></a>__rt_lib_init_clock_1</STRONG> (Thumb, 0 bytes, Stack size unknown bytes, libinit2.o(.ARM.Collect$$libinit$$00000021))

<P><STRONG><a name="[9c]"></a>__rt_lib_init_cpp_1</STRONG> (Thumb, 0 bytes, Stack size unknown bytes, libinit2.o(.ARM.Collect$$libinit$$00000032))

<P><STRONG><a name="[9d]"></a>__rt_lib_init_exceptions_1</STRONG> (Thumb, 0 bytes, Stack size unknown bytes, libinit2.o(.ARM.Collect$$libinit$$00000030))

<P><STRONG><a name="[9e]"></a>__rt_lib_init_fp_1</STRONG> (Thumb, 0 bytes, Stack size unknown bytes, libinit2.o(.ARM.Collect$$libinit$$00000002))

<P><STRONG><a name="[9f]"></a>__rt_lib_init_fp_trap_1</STRONG> (Thumb, 0 bytes, Stack size unknown bytes, libinit2.o(.ARM.Collect$$libinit$$0000001F))

<P><STRONG><a name="[a0]"></a>__rt_lib_init_getenv_1</STRONG> (Thumb, 0 bytes, Stack size unknown bytes, libinit2.o(.ARM.Collect$$libinit$$00000023))

<P><STRONG><a name="[a1]"></a>__rt_lib_init_heap_1</STRONG> (Thumb, 0 bytes, Stack size unknown bytes, libinit2.o(.ARM.Collect$$libinit$$0000000A))

<P><STRONG><a name="[a2]"></a>__rt_lib_init_lc_collate_1</STRONG> (Thumb, 0 bytes, Stack size unknown bytes, libinit2.o(.ARM.Collect$$libinit$$00000011))

<P><STRONG><a name="[a3]"></a>__rt_lib_init_lc_ctype_1</STRONG> (Thumb, 0 bytes, Stack size unknown bytes, libinit2.o(.ARM.Collect$$libinit$$00000013))

<P><STRONG><a name="[a4]"></a>__rt_lib_init_lc_monetary_1</STRONG> (Thumb, 0 bytes, Stack size unknown bytes, libinit2.o(.ARM.Collect$$libinit$$00000015))

<P><STRONG><a name="[a5]"></a>__rt_lib_init_lc_numeric_1</STRONG> (Thumb, 0 bytes, Stack size unknown bytes, libinit2.o(.ARM.Collect$$libinit$$00000017))

<P><STRONG><a name="[a6]"></a>__rt_lib_init_lc_time_1</STRONG> (Thumb, 0 bytes, Stack size unknown bytes, libinit2.o(.ARM.Collect$$libinit$$00000019))

<P><STRONG><a name="[a7]"></a>__rt_lib_init_preinit_1</STRONG> (Thumb, 0 bytes, Stack size unknown bytes, libinit2.o(.ARM.Collect$$libinit$$00000004))

<P><STRONG><a name="[a8]"></a>__rt_lib_init_rand_1</STRONG> (Thumb, 0 bytes, Stack size unknown bytes, libinit2.o(.ARM.Collect$$libinit$$0000000E))

<P><STRONG><a name="[a9]"></a>__rt_lib_init_return</STRONG> (Thumb, 0 bytes, Stack size unknown bytes, libinit2.o(.ARM.Collect$$libinit$$00000033))

<P><STRONG><a name="[aa]"></a>__rt_lib_init_signal_1</STRONG> (Thumb, 0 bytes, Stack size unknown bytes, libinit2.o(.ARM.Collect$$libinit$$0000001D))

<P><STRONG><a name="[ab]"></a>__rt_lib_init_stdio_1</STRONG> (Thumb, 0 bytes, Stack size unknown bytes, libinit2.o(.ARM.Collect$$libinit$$00000025))

<P><STRONG><a name="[ac]"></a>__rt_lib_init_user_alloc_1</STRONG> (Thumb, 0 bytes, Stack size unknown bytes, libinit2.o(.ARM.Collect$$libinit$$0000000C))

<P><STRONG><a name="[7d]"></a>__rt_lib_shutdown</STRONG> (Thumb, 0 bytes, Stack size unknown bytes, libshutdown.o(.ARM.Collect$$libshutdown$$00000000))
<BR><BR>[Called By]<UL><LI><a href="#[7c]">&gt;&gt;</a>&nbsp;&nbsp;&nbsp;__rt_exit_ls
</UL>

<P><STRONG><a name="[ad]"></a>__rt_lib_shutdown_cpp_1</STRONG> (Thumb, 0 bytes, Stack size unknown bytes, libshutdown2.o(.ARM.Collect$$libshutdown$$00000002))

<P><STRONG><a name="[ae]"></a>__rt_lib_shutdown_fp_trap_1</STRONG> (Thumb, 0 bytes, Stack size unknown bytes, libshutdown2.o(.ARM.Collect$$libshutdown$$00000007))

<P><STRONG><a name="[af]"></a>__rt_lib_shutdown_heap_1</STRONG> (Thumb, 0 bytes, Stack size unknown bytes, libshutdown2.o(.ARM.Collect$$libshutdown$$0000000F))

<P><STRONG><a name="[b0]"></a>__rt_lib_shutdown_return</STRONG> (Thumb, 0 bytes, Stack size unknown bytes, libshutdown2.o(.ARM.Collect$$libshutdown$$00000010))

<P><STRONG><a name="[b1]"></a>__rt_lib_shutdown_signal_1</STRONG> (Thumb, 0 bytes, Stack size unknown bytes, libshutdown2.o(.ARM.Collect$$libshutdown$$0000000A))

<P><STRONG><a name="[b2]"></a>__rt_lib_shutdown_stdio_1</STRONG> (Thumb, 0 bytes, Stack size unknown bytes, libshutdown2.o(.ARM.Collect$$libshutdown$$00000004))

<P><STRONG><a name="[b3]"></a>__rt_lib_shutdown_user_alloc_1</STRONG> (Thumb, 0 bytes, Stack size unknown bytes, libshutdown2.o(.ARM.Collect$$libshutdown$$0000000C))

<P><STRONG><a name="[73]"></a>__rt_entry</STRONG> (Thumb, 0 bytes, Stack size unknown bytes, __rtentry.o(.ARM.Collect$$rtentry$$00000000))
<BR><BR>[Called By]<UL><LI><a href="#[70]">&gt;&gt;</a>&nbsp;&nbsp;&nbsp;__main
<LI><a href="#[74]">&gt;&gt;</a>&nbsp;&nbsp;&nbsp;__scatterload_rt2
</UL>

<P><STRONG><a name="[b4]"></a>__rt_entry_presh_1</STRONG> (Thumb, 0 bytes, Stack size unknown bytes, __rtentry2.o(.ARM.Collect$$rtentry$$00000002))

<P><STRONG><a name="[75]"></a>__rt_entry_sh</STRONG> (Thumb, 0 bytes, Stack size unknown bytes, __rtentry4.o(.ARM.Collect$$rtentry$$00000004))
<BR><BR>[Stack]<UL><LI>Max Depth = 8 + Unknown Stack Size
<LI>Call Chain = __rt_entry_sh &rArr; __user_setup_stackheap
</UL>
<BR>[Calls]<UL><LI><a href="#[76]">&gt;&gt;</a>&nbsp;&nbsp;&nbsp;__user_setup_stackheap
</UL>

<P><STRONG><a name="[77]"></a>__rt_entry_li</STRONG> (Thumb, 0 bytes, Stack size unknown bytes, __rtentry2.o(.ARM.Collect$$rtentry$$0000000A))
<BR><BR>[Calls]<UL><LI><a href="#[78]">&gt;&gt;</a>&nbsp;&nbsp;&nbsp;__rt_lib_init
</UL>

<P><STRONG><a name="[b5]"></a>__rt_entry_postsh_1</STRONG> (Thumb, 0 bytes, Stack size unknown bytes, __rtentry2.o(.ARM.Collect$$rtentry$$00000009))

<P><STRONG><a name="[79]"></a>__rt_entry_main</STRONG> (Thumb, 0 bytes, Stack size unknown bytes, __rtentry2.o(.ARM.Collect$$rtentry$$0000000D))
<BR><BR>[Stack]<UL><LI>Max Depth = 36 + Unknown Stack Size
<LI>Call Chain = __rt_entry_main &rArr; main &rArr; Finger_Action &rArr; arm_mean_q15
</UL>
<BR>[Calls]<UL><LI><a href="#[7b]">&gt;&gt;</a>&nbsp;&nbsp;&nbsp;exit
<LI><a href="#[7a]">&gt;&gt;</a>&nbsp;&nbsp;&nbsp;main
</UL>

<P><STRONG><a name="[b6]"></a>__rt_entry_postli_1</STRONG> (Thumb, 0 bytes, Stack size unknown bytes, __rtentry2.o(.ARM.Collect$$rtentry$$0000000C))

<P><STRONG><a name="[81]"></a>__rt_exit</STRONG> (Thumb, 0 bytes, Stack size unknown bytes, rtexit.o(.ARM.Collect$$rtexit$$00000000))
<BR><BR>[Called By]<UL><LI><a href="#[7b]">&gt;&gt;</a>&nbsp;&nbsp;&nbsp;exit
</UL>

<P><STRONG><a name="[7c]"></a>__rt_exit_ls</STRONG> (Thumb, 0 bytes, Stack size unknown bytes, rtexit2.o(.ARM.Collect$$rtexit$$00000003))
<BR><BR>[Calls]<UL><LI><a href="#[7d]">&gt;&gt;</a>&nbsp;&nbsp;&nbsp;__rt_lib_shutdown
</UL>

<P><STRONG><a name="[b7]"></a>__rt_exit_prels_1</STRONG> (Thumb, 0 bytes, Stack size unknown bytes, rtexit2.o(.ARM.Collect$$rtexit$$00000002))

<P><STRONG><a name="[7e]"></a>__rt_exit_exit</STRONG> (Thumb, 0 bytes, Stack size unknown bytes, rtexit2.o(.ARM.Collect$$rtexit$$00000004))
<BR><BR>[Calls]<UL><LI><a href="#[7f]">&gt;&gt;</a>&nbsp;&nbsp;&nbsp;_sys_exit
</UL>

<P><STRONG><a name="[6f]"></a>Reset_Handler</STRONG> (Thumb, 8 bytes, Stack size 0 bytes, startup_mk20d7.o(.text))

<P><STRONG><a name="[4]"></a>NMI_Handler</STRONG> (Thumb, 2 bytes, Stack size 0 bytes, startup_mk20d7.o(.text))
<BR><BR>[Calls]<UL><LI><a href="#[4]">&gt;&gt;</a>&nbsp;&nbsp;&nbsp;NMI_Handler
</UL>
<BR>[Called By]<UL><LI><a href="#[4]">&gt;&gt;</a>&nbsp;&nbsp;&nbsp;NMI_Handler
</UL>
<BR>[Address Reference Count : 1]<UL><LI> startup_mk20d7.o(RESET)
</UL>
<P><STRONG><a name="[5]"></a>HardFault_Handler</STRONG> (Thumb, 2 bytes, Stack size 0 bytes, startup_mk20d7.o(.text))
<BR><BR>[Calls]<UL><LI><a href="#[5]">&gt;&gt;</a>&nbsp;&nbsp;&nbsp;HardFault_Handler
</UL>
<BR>[Called By]<UL><LI><a href="#[5]">&gt;&gt;</a>&nbsp;&nbsp;&nbsp;HardFault_Handler
</UL>
<BR>[Address Reference Count : 1]<UL><LI> startup_mk20d7.o(RESET)
</UL>
<P><STRONG><a name="[6]"></a>MemManage_Handler</STRONG> (Thumb, 2 bytes, Stack size 0 bytes, startup_mk20d7.o(.text))
<BR><BR>[Calls]<UL><LI><a href="#[6]">&gt;&gt;</a>&nbsp;&nbsp;&nbsp;MemManage_Handler
</UL>
<BR>[Called By]<UL><LI><a href="#[6]">&gt;&gt;</a>&nbsp;&nbsp;&nbsp;MemManage_Handler
</UL>
<BR>[Address Reference Count : 1]<UL><LI> startup_mk20d7.o(RESET)
</UL>
<P><STRONG><a name="[7]"></a>BusFault_Handler</STRONG> (Thumb, 2 bytes, Stack size 0 bytes, startup_mk20d7.o(.text))
<BR><BR>[Calls]<UL><LI><a href="#[7]">&gt;&gt;</a>&nbsp;&nbsp;&nbsp;BusFault_Handler
</UL>
<BR>[Called By]<UL><LI><a href="#[7]">&gt;&gt;</a>&nbsp;&nbsp;&nbsp;BusFault_Handler
</UL>
<BR>[Address Reference Count : 1]<UL><LI> startup_mk20d7.o(RESET)
</UL>
<P><STRONG><a name="[8]"></a>UsageFault_Handler</STRONG> (Thumb, 2 bytes, Stack size 0 bytes, startup_mk20d7.o(.text))
<BR><BR>[Calls]<UL><LI><a href="#[8]">&gt;&gt;</a>&nbsp;&nbsp;&nbsp;UsageFault_Handler
</UL>
<BR>[Called By]<UL><LI><a href="#[8]">&gt;&gt;</a>&nbsp;&nbsp;&nbsp;UsageFault_Handler
</UL>
<BR>[Address Reference Count : 1]<UL><LI> startup_mk20d7.o(RESET)
</UL>
<P><STRONG><a name="[9]"></a>SVC_Handler</STRONG> (Thumb, 2 bytes, Stack size 0 bytes, startup_mk20d7.o(.text))
<BR><BR>[Calls]<UL><LI><a href="#[9]">&gt;&gt;</a>&nbsp;&nbsp;&nbsp;SVC_Handler
</UL>
<BR>[Called By]<UL><LI><a href="#[9]">&gt;&gt;</a>&nbsp;&nbsp;&nbsp;SVC_Handler
</UL>
<BR>[Address Reference Count : 1]<UL><LI> startup_mk20d7.o(RESET)
</UL>
<P><STRONG><a name="[a]"></a>DebugMon_Handler</STRONG> (Thumb, 2 bytes, Stack size 0 bytes, startup_mk20d7.o(.text))
<BR><BR>[Calls]<UL><LI><a href="#[a]">&gt;&gt;</a>&nbsp;&nbsp;&nbsp;DebugMon_Handler
</UL>
<BR>[Called By]<UL><LI><a href="#[a]">&gt;&gt;</a>&nbsp;&nbsp;&nbsp;DebugMon_Handler
</UL>
<BR>[Address Reference Count : 1]<UL><LI> startup_mk20d7.o(RESET)
</UL>
<P><STRONG><a name="[b]"></a>PendSV_Handler</STRONG> (Thumb, 2 bytes, Stack size 0 bytes, startup_mk20d7.o(.text))
<BR><BR>[Calls]<UL><LI><a href="#[b]">&gt;&gt;</a>&nbsp;&nbsp;&nbsp;PendSV_Handler
</UL>
<BR>[Called By]<UL><LI><a href="#[b]">&gt;&gt;</a>&nbsp;&nbsp;&nbsp;PendSV_Handler
</UL>
<BR>[Address Reference Count : 1]<UL><LI> startup_mk20d7.o(RESET)
</UL>
<P><STRONG><a name="[46]"></a>ADC0_IRQHandler</STRONG> (Thumb, 0 bytes, Stack size 0 bytes, startup_mk20d7.o(.text))
<BR><BR>[Calls]<UL><LI><a href="#[46]">&gt;&gt;</a>&nbsp;&nbsp;&nbsp;ADC0_IRQHandler
</UL>
<BR>[Called By]<UL><LI><a href="#[46]">&gt;&gt;</a>&nbsp;&nbsp;&nbsp;ADC0_IRQHandler
</UL>
<BR>[Address Reference Count : 1]<UL><LI> startup_mk20d7.o(RESET)
</UL>
<P><STRONG><a name="[47]"></a>ADC1_IRQHandler</STRONG> (Thumb, 0 bytes, Stack size 0 bytes, startup_mk20d7.o(.text))
<BR>[Address Reference Count : 1]<UL><LI> startup_mk20d7.o(RESET)
</UL>
<P><STRONG><a name="[2b]"></a>CAN0_Bus_Off_IRQHandler</STRONG> (Thumb, 0 bytes, Stack size 0 bytes, startup_mk20d7.o(.text))
<BR>[Address Reference Count : 1]<UL><LI> startup_mk20d7.o(RESET)
</UL>
<P><STRONG><a name="[2c]"></a>CAN0_Error_IRQHandler</STRONG> (Thumb, 0 bytes, Stack size 0 bytes, startup_mk20d7.o(.text))
<BR>[Address Reference Count : 1]<UL><LI> startup_mk20d7.o(RESET)
</UL>
<P><STRONG><a name="[2a]"></a>CAN0_ORed_Message_buffer_IRQHandler</STRONG> (Thumb, 0 bytes, Stack size 0 bytes, startup_mk20d7.o(.text))
<BR>[Address Reference Count : 1]<UL><LI> startup_mk20d7.o(RESET)
</UL>
<P><STRONG><a name="[2e]"></a>CAN0_Rx_Warning_IRQHandler</STRONG> (Thumb, 0 bytes, Stack size 0 bytes, startup_mk20d7.o(.text))
<BR>[Address Reference Count : 1]<UL><LI> startup_mk20d7.o(RESET)
</UL>
<P><STRONG><a name="[2d]"></a>CAN0_Tx_Warning_IRQHandler</STRONG> (Thumb, 0 bytes, Stack size 0 bytes, startup_mk20d7.o(.text))
<BR>[Address Reference Count : 1]<UL><LI> startup_mk20d7.o(RESET)
</UL>
<P><STRONG><a name="[2f]"></a>CAN0_Wake_Up_IRQHandler</STRONG> (Thumb, 0 bytes, Stack size 0 bytes, startup_mk20d7.o(.text))
<BR>[Address Reference Count : 1]<UL><LI> startup_mk20d7.o(RESET)
</UL>
<P><STRONG><a name="[48]"></a>CMP0_IRQHandler</STRONG> (Thumb, 0 bytes, Stack size 0 bytes, startup_mk20d7.o(.text))
<BR>[Address Reference Count : 1]<UL><LI> startup_mk20d7.o(RESET)
</UL>
<P><STRONG><a name="[49]"></a>CMP1_IRQHandler</STRONG> (Thumb, 0 bytes, Stack size 0 bytes, startup_mk20d7.o(.text))
<BR>[Address Reference Count : 1]<UL><LI> startup_mk20d7.o(RESET)
</UL>
<P><STRONG><a name="[4a]"></a>CMP2_IRQHandler</STRONG> (Thumb, 0 bytes, Stack size 0 bytes, startup_mk20d7.o(.text))
<BR>[Address Reference Count : 1]<UL><LI> startup_mk20d7.o(RESET)
</UL>
<P><STRONG><a name="[4e]"></a>CMT_IRQHandler</STRONG> (Thumb, 0 bytes, Stack size 0 bytes, startup_mk20d7.o(.text))
<BR>[Address Reference Count : 1]<UL><LI> startup_mk20d7.o(RESET)
</UL>
<P><STRONG><a name="[5e]"></a>DAC0_IRQHandler</STRONG> (Thumb, 0 bytes, Stack size 0 bytes, startup_mk20d7.o(.text))
<BR>[Address Reference Count : 1]<UL><LI> startup_mk20d7.o(RESET)
</UL>
<P><STRONG><a name="[d]"></a>DMA0_IRQHandler</STRONG> (Thumb, 0 bytes, Stack size 0 bytes, startup_mk20d7.o(.text))
<BR>[Address Reference Count : 1]<UL><LI> startup_mk20d7.o(RESET)
</UL>
<P><STRONG><a name="[17]"></a>DMA10_IRQHandler</STRONG> (Thumb, 0 bytes, Stack size 0 bytes, startup_mk20d7.o(.text))
<BR>[Address Reference Count : 1]<UL><LI> startup_mk20d7.o(RESET)
</UL>
<P><STRONG><a name="[18]"></a>DMA11_IRQHandler</STRONG> (Thumb, 0 bytes, Stack size 0 bytes, startup_mk20d7.o(.text))
<BR>[Address Reference Count : 1]<UL><LI> startup_mk20d7.o(RESET)
</UL>
<P><STRONG><a name="[19]"></a>DMA12_IRQHandler</STRONG> (Thumb, 0 bytes, Stack size 0 bytes, startup_mk20d7.o(.text))
<BR>[Address Reference Count : 1]<UL><LI> startup_mk20d7.o(RESET)
</UL>
<P><STRONG><a name="[1a]"></a>DMA13_IRQHandler</STRONG> (Thumb, 0 bytes, Stack size 0 bytes, startup_mk20d7.o(.text))
<BR>[Address Reference Count : 1]<UL><LI> startup_mk20d7.o(RESET)
</UL>
<P><STRONG><a name="[1b]"></a>DMA14_IRQHandler</STRONG> (Thumb, 0 bytes, Stack size 0 bytes, startup_mk20d7.o(.text))
<BR>[Address Reference Count : 1]<UL><LI> startup_mk20d7.o(RESET)
</UL>
<P><STRONG><a name="[1c]"></a>DMA15_IRQHandler</STRONG> (Thumb, 0 bytes, Stack size 0 bytes, startup_mk20d7.o(.text))
<BR>[Address Reference Count : 1]<UL><LI> startup_mk20d7.o(RESET)
</UL>
<P><STRONG><a name="[e]"></a>DMA1_IRQHandler</STRONG> (Thumb, 0 bytes, Stack size 0 bytes, startup_mk20d7.o(.text))
<BR>[Address Reference Count : 1]<UL><LI> startup_mk20d7.o(RESET)
</UL>
<P><STRONG><a name="[f]"></a>DMA2_IRQHandler</STRONG> (Thumb, 0 bytes, Stack size 0 bytes, startup_mk20d7.o(.text))
<BR>[Address Reference Count : 1]<UL><LI> startup_mk20d7.o(RESET)
</UL>
<P><STRONG><a name="[10]"></a>DMA3_IRQHandler</STRONG> (Thumb, 0 bytes, Stack size 0 bytes, startup_mk20d7.o(.text))
<BR>[Address Reference Count : 1]<UL><LI> startup_mk20d7.o(RESET)
</UL>
<P><STRONG><a name="[11]"></a>DMA4_IRQHandler</STRONG> (Thumb, 0 bytes, Stack size 0 bytes, startup_mk20d7.o(.text))
<BR>[Address Reference Count : 1]<UL><LI> startup_mk20d7.o(RESET)
</UL>
<P><STRONG><a name="[12]"></a>DMA5_IRQHandler</STRONG> (Thumb, 0 bytes, Stack size 0 bytes, startup_mk20d7.o(.text))
<BR>[Address Reference Count : 1]<UL><LI> startup_mk20d7.o(RESET)
</UL>
<P><STRONG><a name="[13]"></a>DMA6_IRQHandler</STRONG> (Thumb, 0 bytes, Stack size 0 bytes, startup_mk20d7.o(.text))
<BR>[Address Reference Count : 1]<UL><LI> startup_mk20d7.o(RESET)
</UL>
<P><STRONG><a name="[14]"></a>DMA7_IRQHandler</STRONG> (Thumb, 0 bytes, Stack size 0 bytes, startup_mk20d7.o(.text))
<BR>[Address Reference Count : 1]<UL><LI> startup_mk20d7.o(RESET)
</UL>
<P><STRONG><a name="[15]"></a>DMA8_IRQHandler</STRONG> (Thumb, 0 bytes, Stack size 0 bytes, startup_mk20d7.o(.text))
<BR>[Address Reference Count : 1]<UL><LI> startup_mk20d7.o(RESET)
</UL>
<P><STRONG><a name="[16]"></a>DMA9_IRQHandler</STRONG> (Thumb, 0 bytes, Stack size 0 bytes, startup_mk20d7.o(.text))
<BR>[Address Reference Count : 1]<UL><LI> startup_mk20d7.o(RESET)
</UL>
<P><STRONG><a name="[1d]"></a>DMA_Error_IRQHandler</STRONG> (Thumb, 0 bytes, Stack size 0 bytes, startup_mk20d7.o(.text))
<BR>[Address Reference Count : 1]<UL><LI> startup_mk20d7.o(RESET)
</UL>
<P><STRONG><a name="[6c]"></a>DefaultISR</STRONG> (Thumb, 0 bytes, Stack size 0 bytes, startup_mk20d7.o(.text))
<BR>[Address Reference Count : 1]<UL><LI> startup_mk20d7.o(RESET)
</UL>
<P><STRONG><a name="[1f]"></a>FTFL_IRQHandler</STRONG> (Thumb, 0 bytes, Stack size 0 bytes, startup_mk20d7.o(.text))
<BR>[Address Reference Count : 1]<UL><LI> startup_mk20d7.o(RESET)
</UL>
<P><STRONG><a name="[4b]"></a>FTM0_IRQHandler</STRONG> (Thumb, 0 bytes, Stack size 0 bytes, startup_mk20d7.o(.text))
<BR>[Address Reference Count : 1]<UL><LI> startup_mk20d7.o(RESET)
</UL>
<P><STRONG><a name="[4c]"></a>FTM1_IRQHandler</STRONG> (Thumb, 0 bytes, Stack size 0 bytes, startup_mk20d7.o(.text))
<BR>[Address Reference Count : 1]<UL><LI> startup_mk20d7.o(RESET)
</UL>
<P><STRONG><a name="[4d]"></a>FTM2_IRQHandler</STRONG> (Thumb, 0 bytes, Stack size 0 bytes, startup_mk20d7.o(.text))
<BR>[Address Reference Count : 1]<UL><LI> startup_mk20d7.o(RESET)
</UL>
<P><STRONG><a name="[25]"></a>I2C0_IRQHandler</STRONG> (Thumb, 0 bytes, Stack size 0 bytes, startup_mk20d7.o(.text))
<BR>[Address Reference Count : 1]<UL><LI> startup_mk20d7.o(RESET)
</UL>
<P><STRONG><a name="[26]"></a>I2C1_IRQHandler</STRONG> (Thumb, 0 bytes, Stack size 0 bytes, startup_mk20d7.o(.text))
<BR>[Address Reference Count : 1]<UL><LI> startup_mk20d7.o(RESET)
</UL>
<P><STRONG><a name="[31]"></a>I2S0_Rx_IRQHandler</STRONG> (Thumb, 0 bytes, Stack size 0 bytes, startup_mk20d7.o(.text))
<BR>[Address Reference Count : 1]<UL><LI> startup_mk20d7.o(RESET)
</UL>
<P><STRONG><a name="[30]"></a>I2S0_Tx_IRQHandler</STRONG> (Thumb, 0 bytes, Stack size 0 bytes, startup_mk20d7.o(.text))
<BR>[Address Reference Count : 1]<UL><LI> startup_mk20d7.o(RESET)
</UL>
<P><STRONG><a name="[22]"></a>LLW_IRQHandler</STRONG> (Thumb, 0 bytes, Stack size 0 bytes, startup_mk20d7.o(.text))
<BR>[Address Reference Count : 1]<UL><LI> startup_mk20d7.o(RESET)
</UL>
<P><STRONG><a name="[62]"></a>LPTimer_IRQHandler</STRONG> (Thumb, 0 bytes, Stack size 0 bytes, startup_mk20d7.o(.text))
<BR>[Address Reference Count : 1]<UL><LI> startup_mk20d7.o(RESET)
</UL>
<P><STRONG><a name="[21]"></a>LVD_LVW_IRQHandler</STRONG> (Thumb, 0 bytes, Stack size 0 bytes, startup_mk20d7.o(.text))
<BR>[Address Reference Count : 1]<UL><LI> startup_mk20d7.o(RESET)
</UL>
<P><STRONG><a name="[61]"></a>MCG_IRQHandler</STRONG> (Thumb, 0 bytes, Stack size 0 bytes, startup_mk20d7.o(.text))
<BR>[Address Reference Count : 1]<UL><LI> startup_mk20d7.o(RESET)
</UL>
<P><STRONG><a name="[1e]"></a>MCM_IRQHandler</STRONG> (Thumb, 0 bytes, Stack size 0 bytes, startup_mk20d7.o(.text))
<BR>[Address Reference Count : 1]<UL><LI> startup_mk20d7.o(RESET)
</UL>
<P><STRONG><a name="[55]"></a>PDB0_IRQHandler</STRONG> (Thumb, 0 bytes, Stack size 0 bytes, startup_mk20d7.o(.text))
<BR>[Address Reference Count : 1]<UL><LI> startup_mk20d7.o(RESET)
</UL>
<P><STRONG><a name="[51]"></a>PIT0_IRQHandler</STRONG> (Thumb, 0 bytes, Stack size 0 bytes, startup_mk20d7.o(.text))
<BR>[Address Reference Count : 1]<UL><LI> startup_mk20d7.o(RESET)
</UL>
<P><STRONG><a name="[52]"></a>PIT1_IRQHandler</STRONG> (Thumb, 0 bytes, Stack size 0 bytes, startup_mk20d7.o(.text))
<BR>[Address Reference Count : 1]<UL><LI> startup_mk20d7.o(RESET)
</UL>
<P><STRONG><a name="[53]"></a>PIT2_IRQHandler</STRONG> (Thumb, 0 bytes, Stack size 0 bytes, startup_mk20d7.o(.text))
<BR>[Address Reference Count : 1]<UL><LI> startup_mk20d7.o(RESET)
</UL>
<P><STRONG><a name="[54]"></a>PIT3_IRQHandler</STRONG> (Thumb, 0 bytes, Stack size 0 bytes, startup_mk20d7.o(.text))
<BR>[Address Reference Count : 1]<UL><LI> startup_mk20d7.o(RESET)
</UL>
<P><STRONG><a name="[64]"></a>PORTA_IRQHandler</STRONG> (Thumb, 0 bytes, Stack size 0 bytes, startup_mk20d7.o(.text))
<BR>[Address Reference Count : 1]<UL><LI> startup_mk20d7.o(RESET)
</UL>
<P><STRONG><a name="[65]"></a>PORTB_IRQHandler</STRONG> (Thumb, 0 bytes, Stack size 0 bytes, startup_mk20d7.o(.text))
<BR>[Address Reference Count : 1]<UL><LI> startup_mk20d7.o(RESET)
</UL>
<P><STRONG><a name="[67]"></a>PORTD_IRQHandler</STRONG> (Thumb, 0 bytes, Stack size 0 bytes, startup_mk20d7.o(.text))
<BR>[Address Reference Count : 1]<UL><LI> startup_mk20d7.o(RESET)
</UL>
<P><STRONG><a name="[68]"></a>PORTE_IRQHandler</STRONG> (Thumb, 0 bytes, Stack size 0 bytes, startup_mk20d7.o(.text))
<BR>[Address Reference Count : 1]<UL><LI> startup_mk20d7.o(RESET)
</UL>
<P><STRONG><a name="[4f]"></a>RTC_IRQHandler</STRONG> (Thumb, 0 bytes, Stack size 0 bytes, startup_mk20d7.o(.text))
<BR>[Address Reference Count : 1]<UL><LI> startup_mk20d7.o(RESET)
</UL>
<P><STRONG><a name="[50]"></a>RTC_Seconds_IRQHandler</STRONG> (Thumb, 0 bytes, Stack size 0 bytes, startup_mk20d7.o(.text))
<BR>[Address Reference Count : 1]<UL><LI> startup_mk20d7.o(RESET)
</UL>
<P><STRONG><a name="[20]"></a>Read_Collision_IRQHandler</STRONG> (Thumb, 0 bytes, Stack size 0 bytes, startup_mk20d7.o(.text))
<BR>[Address Reference Count : 1]<UL><LI> startup_mk20d7.o(RESET)
</UL>
<P><STRONG><a name="[63]"></a>Reserved102_IRQHandler</STRONG> (Thumb, 0 bytes, Stack size 0 bytes, startup_mk20d7.o(.text))
<BR>[Address Reference Count : 1]<UL><LI> startup_mk20d7.o(RESET)
</UL>
<P><STRONG><a name="[69]"></a>Reserved108_IRQHandler</STRONG> (Thumb, 0 bytes, Stack size 0 bytes, startup_mk20d7.o(.text))
<BR>[Address Reference Count : 1]<UL><LI> startup_mk20d7.o(RESET)
</UL>
<P><STRONG><a name="[6a]"></a>Reserved109_IRQHandler</STRONG> (Thumb, 0 bytes, Stack size 0 bytes, startup_mk20d7.o(.text))
<BR>[Address Reference Count : 1]<UL><LI> startup_mk20d7.o(RESET)
</UL>
<P><STRONG><a name="[24]"></a>Reserved39_IRQHandler</STRONG> (Thumb, 0 bytes, Stack size 0 bytes, startup_mk20d7.o(.text))
<BR>[Address Reference Count : 1]<UL><LI> startup_mk20d7.o(RESET)
</UL>
<P><STRONG><a name="[29]"></a>Reserved44_IRQHandler</STRONG> (Thumb, 0 bytes, Stack size 0 bytes, startup_mk20d7.o(.text))
<BR>[Address Reference Count : 1]<UL><LI> startup_mk20d7.o(RESET)
</UL>
<P><STRONG><a name="[32]"></a>Reserved53_IRQHandler</STRONG> (Thumb, 0 bytes, Stack size 0 bytes, startup_mk20d7.o(.text))
<BR>[Address Reference Count : 1]<UL><LI> startup_mk20d7.o(RESET)
</UL>
<P><STRONG><a name="[33]"></a>Reserved54_IRQHandler</STRONG> (Thumb, 0 bytes, Stack size 0 bytes, startup_mk20d7.o(.text))
<BR>[Address Reference Count : 1]<UL><LI> startup_mk20d7.o(RESET)
</UL>
<P><STRONG><a name="[34]"></a>Reserved55_IRQHandler</STRONG> (Thumb, 0 bytes, Stack size 0 bytes, startup_mk20d7.o(.text))
<BR>[Address Reference Count : 1]<UL><LI> startup_mk20d7.o(RESET)
</UL>
<P><STRONG><a name="[35]"></a>Reserved56_IRQHandler</STRONG> (Thumb, 0 bytes, Stack size 0 bytes, startup_mk20d7.o(.text))
<BR>[Address Reference Count : 1]<UL><LI> startup_mk20d7.o(RESET)
</UL>
<P><STRONG><a name="[36]"></a>Reserved57_IRQHandler</STRONG> (Thumb, 0 bytes, Stack size 0 bytes, startup_mk20d7.o(.text))
<BR>[Address Reference Count : 1]<UL><LI> startup_mk20d7.o(RESET)
</UL>
<P><STRONG><a name="[37]"></a>Reserved58_IRQHandler</STRONG> (Thumb, 0 bytes, Stack size 0 bytes, startup_mk20d7.o(.text))
<BR>[Address Reference Count : 1]<UL><LI> startup_mk20d7.o(RESET)
</UL>
<P><STRONG><a name="[38]"></a>Reserved59_IRQHandler</STRONG> (Thumb, 0 bytes, Stack size 0 bytes, startup_mk20d7.o(.text))
<BR>[Address Reference Count : 1]<UL><LI> startup_mk20d7.o(RESET)
</UL>
<P><STRONG><a name="[44]"></a>Reserved71_IRQHandler</STRONG> (Thumb, 0 bytes, Stack size 0 bytes, startup_mk20d7.o(.text))
<BR>[Address Reference Count : 1]<UL><LI> startup_mk20d7.o(RESET)
</UL>
<P><STRONG><a name="[45]"></a>Reserved72_IRQHandler</STRONG> (Thumb, 0 bytes, Stack size 0 bytes, startup_mk20d7.o(.text))
<BR>[Address Reference Count : 1]<UL><LI> startup_mk20d7.o(RESET)
</UL>
<P><STRONG><a name="[58]"></a>Reserved91_IRQHandler</STRONG> (Thumb, 0 bytes, Stack size 0 bytes, startup_mk20d7.o(.text))
<BR>[Address Reference Count : 1]<UL><LI> startup_mk20d7.o(RESET)
</UL>
<P><STRONG><a name="[59]"></a>Reserved92_IRQHandler</STRONG> (Thumb, 0 bytes, Stack size 0 bytes, startup_mk20d7.o(.text))
<BR>[Address Reference Count : 1]<UL><LI> startup_mk20d7.o(RESET)
</UL>
<P><STRONG><a name="[5a]"></a>Reserved93_IRQHandler</STRONG> (Thumb, 0 bytes, Stack size 0 bytes, startup_mk20d7.o(.text))
<BR>[Address Reference Count : 1]<UL><LI> startup_mk20d7.o(RESET)
</UL>
<P><STRONG><a name="[5b]"></a>Reserved94_IRQHandler</STRONG> (Thumb, 0 bytes, Stack size 0 bytes, startup_mk20d7.o(.text))
<BR>[Address Reference Count : 1]<UL><LI> startup_mk20d7.o(RESET)
</UL>
<P><STRONG><a name="[5c]"></a>Reserved95_IRQHandler</STRONG> (Thumb, 0 bytes, Stack size 0 bytes, startup_mk20d7.o(.text))
<BR>[Address Reference Count : 1]<UL><LI> startup_mk20d7.o(RESET)
</UL>
<P><STRONG><a name="[5d]"></a>Reserved96_IRQHandler</STRONG> (Thumb, 0 bytes, Stack size 0 bytes, startup_mk20d7.o(.text))
<BR>[Address Reference Count : 1]<UL><LI> startup_mk20d7.o(RESET)
</UL>
<P><STRONG><a name="[5f]"></a>Reserved98_IRQHandler</STRONG> (Thumb, 0 bytes, Stack size 0 bytes, startup_mk20d7.o(.text))
<BR>[Address Reference Count : 1]<UL><LI> startup_mk20d7.o(RESET)
</UL>
<P><STRONG><a name="[27]"></a>SPI0_IRQHandler</STRONG> (Thumb, 0 bytes, Stack size 0 bytes, startup_mk20d7.o(.text))
<BR>[Address Reference Count : 1]<UL><LI> startup_mk20d7.o(RESET)
</UL>
<P><STRONG><a name="[28]"></a>SPI1_IRQHandler</STRONG> (Thumb, 0 bytes, Stack size 0 bytes, startup_mk20d7.o(.text))
<BR>[Address Reference Count : 1]<UL><LI> startup_mk20d7.o(RESET)
</UL>
<P><STRONG><a name="[6b]"></a>SWI_IRQHandler</STRONG> (Thumb, 0 bytes, Stack size 0 bytes, startup_mk20d7.o(.text))
<BR>[Address Reference Count : 1]<UL><LI> startup_mk20d7.o(RESET)
</UL>
<P><STRONG><a name="[60]"></a>TSI0_IRQHandler</STRONG> (Thumb, 0 bytes, Stack size 0 bytes, startup_mk20d7.o(.text))
<BR>[Address Reference Count : 1]<UL><LI> startup_mk20d7.o(RESET)
</UL>
<P><STRONG><a name="[3b]"></a>UART0_ERR_IRQHandler</STRONG> (Thumb, 0 bytes, Stack size 0 bytes, startup_mk20d7.o(.text))
<BR>[Address Reference Count : 1]<UL><LI> startup_mk20d7.o(RESET)
</UL>
<P><STRONG><a name="[39]"></a>UART0_LON_IRQHandler</STRONG> (Thumb, 0 bytes, Stack size 0 bytes, startup_mk20d7.o(.text))
<BR>[Address Reference Count : 1]<UL><LI> startup_mk20d7.o(RESET)
</UL>
<P><STRONG><a name="[3d]"></a>UART1_ERR_IRQHandler</STRONG> (Thumb, 0 bytes, Stack size 0 bytes, startup_mk20d7.o(.text))
<BR>[Address Reference Count : 1]<UL><LI> startup_mk20d7.o(RESET)
</UL>
<P><STRONG><a name="[3c]"></a>UART1_RX_TX_IRQHandler</STRONG> (Thumb, 0 bytes, Stack size 0 bytes, startup_mk20d7.o(.text))
<BR>[Address Reference Count : 1]<UL><LI> startup_mk20d7.o(RESET)
</UL>
<P><STRONG><a name="[3f]"></a>UART2_ERR_IRQHandler</STRONG> (Thumb, 0 bytes, Stack size 0 bytes, startup_mk20d7.o(.text))
<BR>[Address Reference Count : 1]<UL><LI> startup_mk20d7.o(RESET)
</UL>
<P><STRONG><a name="[3e]"></a>UART2_RX_TX_IRQHandler</STRONG> (Thumb, 0 bytes, Stack size 0 bytes, startup_mk20d7.o(.text))
<BR>[Address Reference Count : 1]<UL><LI> startup_mk20d7.o(RESET)
</UL>
<P><STRONG><a name="[41]"></a>UART3_ERR_IRQHandler</STRONG> (Thumb, 0 bytes, Stack size 0 bytes, startup_mk20d7.o(.text))
<BR>[Address Reference Count : 1]<UL><LI> startup_mk20d7.o(RESET)
</UL>
<P><STRONG><a name="[40]"></a>UART3_RX_TX_IRQHandler</STRONG> (Thumb, 0 bytes, Stack size 0 bytes, startup_mk20d7.o(.text))
<BR>[Address Reference Count : 1]<UL><LI> startup_mk20d7.o(RESET)
</UL>
<P><STRONG><a name="[43]"></a>UART4_ERR_IRQHandler</STRONG> (Thumb, 0 bytes, Stack size 0 bytes, startup_mk20d7.o(.text))
<BR>[Address Reference Count : 1]<UL><LI> startup_mk20d7.o(RESET)
</UL>
<P><STRONG><a name="[42]"></a>UART4_RX_TX_IRQHandler</STRONG> (Thumb, 0 bytes, Stack size 0 bytes, startup_mk20d7.o(.text))
<BR>[Address Reference Count : 1]<UL><LI> startup_mk20d7.o(RESET)
</UL>
<P><STRONG><a name="[56]"></a>USB0_IRQHandler</STRONG> (Thumb, 0 bytes, Stack size 0 bytes, startup_mk20d7.o(.text))
<BR>[Address Reference Count : 1]<UL><LI> startup_mk20d7.o(RESET)
</UL>
<P><STRONG><a name="[57]"></a>USBDCD_IRQHandler</STRONG> (Thumb, 0 bytes, Stack size 0 bytes, startup_mk20d7.o(.text))
<BR>[Address Reference Count : 1]<UL><LI> startup_mk20d7.o(RESET)
</UL>
<P><STRONG><a name="[23]"></a>Watchdog_IRQHandler</STRONG> (Thumb, 0 bytes, Stack size 0 bytes, startup_mk20d7.o(.text))
<BR>[Address Reference Count : 1]<UL><LI> startup_mk20d7.o(RESET)
</UL>
<P><STRONG><a name="[71]"></a>__user_initial_stackheap</STRONG> (Thumb, 0 bytes, Stack size unknown bytes, startup_mk20d7.o(.text))
<BR><BR>[Called By]<UL><LI><a href="#[76]">&gt;&gt;</a>&nbsp;&nbsp;&nbsp;__user_setup_stackheap
</UL>

<P><STRONG><a name="[84]"></a>arm_mean_q15</STRONG> (Thumb, 192 bytes, Stack size 20 bytes, arm_mean_q15.o(.text))
<BR><BR>[Stack]<UL><LI>Max Depth = 20<LI>Call Chain = arm_mean_q15
</UL>
<BR>[Called By]<UL><LI><a href="#[82]">&gt;&gt;</a>&nbsp;&nbsp;&nbsp;Finger_Action
</UL>

<P><STRONG><a name="[92]"></a>arm_fill_q15</STRONG> (Thumb, 122 bytes, Stack size 4 bytes, arm_fill_q15.o(.text))
<BR><BR>[Stack]<UL><LI>Max Depth = 4<LI>Call Chain = arm_fill_q15
</UL>
<BR>[Called By]<UL><LI><a href="#[7a]">&gt;&gt;</a>&nbsp;&nbsp;&nbsp;main
</UL>

<P><STRONG><a name="[b8]"></a>__use_two_region_memory</STRONG> (Thumb, 2 bytes, Stack size 0 bytes, heapauxi.o(.text), UNUSED)

<P><STRONG><a name="[b9]"></a>__rt_heap_escrow$2region</STRONG> (Thumb, 2 bytes, Stack size 0 bytes, heapauxi.o(.text), UNUSED)

<P><STRONG><a name="[ba]"></a>__rt_heap_expand$2region</STRONG> (Thumb, 2 bytes, Stack size 0 bytes, heapauxi.o(.text), UNUSED)

<P><STRONG><a name="[76]"></a>__user_setup_stackheap</STRONG> (Thumb, 74 bytes, Stack size 8 bytes, sys_stackheap_outer.o(.text))
<BR><BR>[Stack]<UL><LI>Max Depth = 8 + Unknown Stack Size
<LI>Call Chain = __user_setup_stackheap
</UL>
<BR>[Calls]<UL><LI><a href="#[80]">&gt;&gt;</a>&nbsp;&nbsp;&nbsp;__user_perproc_libspace
<LI><a href="#[71]">&gt;&gt;</a>&nbsp;&nbsp;&nbsp;__user_initial_stackheap
</UL>
<BR>[Called By]<UL><LI><a href="#[75]">&gt;&gt;</a>&nbsp;&nbsp;&nbsp;__rt_entry_sh
</UL>

<P><STRONG><a name="[7b]"></a>exit</STRONG> (Thumb, 18 bytes, Stack size 8 bytes, exit.o(.text))
<BR><BR>[Stack]<UL><LI>Max Depth = 8 + Unknown Stack Size
<LI>Call Chain = exit
</UL>
<BR>[Calls]<UL><LI><a href="#[81]">&gt;&gt;</a>&nbsp;&nbsp;&nbsp;__rt_exit
</UL>
<BR>[Called By]<UL><LI><a href="#[79]">&gt;&gt;</a>&nbsp;&nbsp;&nbsp;__rt_entry_main
</UL>

<P><STRONG><a name="[bb]"></a>__user_libspace</STRONG> (Thumb, 8 bytes, Stack size 0 bytes, libspace.o(.text), UNUSED)

<P><STRONG><a name="[80]"></a>__user_perproc_libspace</STRONG> (Thumb, 0 bytes, Stack size 0 bytes, libspace.o(.text))
<BR><BR>[Called By]<UL><LI><a href="#[76]">&gt;&gt;</a>&nbsp;&nbsp;&nbsp;__user_setup_stackheap
</UL>

<P><STRONG><a name="[bc]"></a>__user_perthread_libspace</STRONG> (Thumb, 0 bytes, Stack size 0 bytes, libspace.o(.text), UNUSED)

<P><STRONG><a name="[7f]"></a>_sys_exit</STRONG> (Thumb, 8 bytes, Stack size 0 bytes, sys_exit.o(.text))
<BR><BR>[Called By]<UL><LI><a href="#[7e]">&gt;&gt;</a>&nbsp;&nbsp;&nbsp;__rt_exit_exit
</UL>

<P><STRONG><a name="[bd]"></a>__I$use$semihosting</STRONG> (Thumb, 0 bytes, Stack size 0 bytes, use_no_semi.o(.text), UNUSED)

<P><STRONG><a name="[be]"></a>__use_no_semihosting_swi</STRONG> (Thumb, 2 bytes, Stack size 0 bytes, use_no_semi.o(.text), UNUSED)

<P><STRONG><a name="[bf]"></a>__semihosting_library_function</STRONG> (Thumb, 0 bytes, Stack size unknown bytes, indicate_semi.o(.text), UNUSED)

<P><STRONG><a name="[90]"></a>ADC0_Config</STRONG> (Thumb, 42 bytes, Stack size 0 bytes, drivers.o(i.ADC0_Config))
<BR><BR>[Called By]<UL><LI><a href="#[7a]">&gt;&gt;</a>&nbsp;&nbsp;&nbsp;main
</UL>

<P><STRONG><a name="[8c]"></a>ADC0_Read</STRONG> (Thumb, 36 bytes, Stack size 0 bytes, drivers.o(i.ADC0_Read))
<BR><BR>[Called By]<UL><LI><a href="#[c]">&gt;&gt;</a>&nbsp;&nbsp;&nbsp;SysTick_Handler
</UL>

<P><STRONG><a name="[82]"></a>Finger_Action</STRONG> (Thumb, 222 bytes, Stack size 16 bytes, finger.o(i.Finger_Action))
<BR><BR>[Stack]<UL><LI>Max Depth = 36<LI>Call Chain = Finger_Action &rArr; arm_mean_q15
</UL>
<BR>[Calls]<UL><LI><a href="#[84]">&gt;&gt;</a>&nbsp;&nbsp;&nbsp;arm_mean_q15
<LI><a href="#[83]">&gt;&gt;</a>&nbsp;&nbsp;&nbsp;Finger_Stop
<LI><a href="#[86]">&gt;&gt;</a>&nbsp;&nbsp;&nbsp;Finger_Open
<LI><a href="#[85]">&gt;&gt;</a>&nbsp;&nbsp;&nbsp;Finger_Close
</UL>
<BR>[Called By]<UL><LI><a href="#[7a]">&gt;&gt;</a>&nbsp;&nbsp;&nbsp;main
</UL>

<P><STRONG><a name="[85]"></a>Finger_Close</STRONG> (Thumb, 88 bytes, Stack size 0 bytes, finger.o(i.Finger_Close))
<BR><BR>[Called By]<UL><LI><a href="#[82]">&gt;&gt;</a>&nbsp;&nbsp;&nbsp;Finger_Action
</UL>

<P><STRONG><a name="[86]"></a>Finger_Open</STRONG> (Thumb, 88 bytes, Stack size 0 bytes, finger.o(i.Finger_Open))
<BR><BR>[Called By]<UL><LI><a href="#[82]">&gt;&gt;</a>&nbsp;&nbsp;&nbsp;Finger_Action
</UL>

<P><STRONG><a name="[83]"></a>Finger_Stop</STRONG> (Thumb, 88 bytes, Stack size 0 bytes, finger.o(i.Finger_Stop))
<BR><BR>[Called By]<UL><LI><a href="#[82]">&gt;&gt;</a>&nbsp;&nbsp;&nbsp;Finger_Action
</UL>

<P><STRONG><a name="[8d]"></a>Finger_Timing</STRONG> (Thumb, 50 bytes, Stack size 0 bytes, finger.o(i.Finger_Timing))
<BR><BR>[Called By]<UL><LI><a href="#[c]">&gt;&gt;</a>&nbsp;&nbsp;&nbsp;SysTick_Handler
</UL>

<P><STRONG><a name="[8f]"></a>LED_Config</STRONG> (Thumb, 50 bytes, Stack size 0 bytes, drivers.o(i.LED_Config))
<BR><BR>[Called By]<UL><LI><a href="#[7a]">&gt;&gt;</a>&nbsp;&nbsp;&nbsp;main
</UL>

<P><STRONG><a name="[89]"></a>LED_Off</STRONG> (Thumb, 18 bytes, Stack size 0 bytes, drivers.o(i.LED_Off))
<BR><BR>[Called By]<UL><LI><a href="#[66]">&gt;&gt;</a>&nbsp;&nbsp;&nbsp;PORTC_IRQHandler
</UL>

<P><STRONG><a name="[88]"></a>LED_On</STRONG> (Thumb, 18 bytes, Stack size 0 bytes, drivers.o(i.LED_On))
<BR><BR>[Called By]<UL><LI><a href="#[66]">&gt;&gt;</a>&nbsp;&nbsp;&nbsp;PORTC_IRQHandler
</UL>

<P><STRONG><a name="[91]"></a>Output_Config</STRONG> (Thumb, 204 bytes, Stack size 0 bytes, drivers.o(i.Output_Config))
<BR><BR>[Called By]<UL><LI><a href="#[7a]">&gt;&gt;</a>&nbsp;&nbsp;&nbsp;main
</UL>

<P><STRONG><a name="[66]"></a>PORTC_IRQHandler</STRONG> (Thumb, 120 bytes, Stack size 8 bytes, main.o(i.PORTC_IRQHandler))
<BR><BR>[Stack]<UL><LI>Max Depth = 8<LI>Call Chain = PORTC_IRQHandler
</UL>
<BR>[Calls]<UL><LI><a href="#[87]">&gt;&gt;</a>&nbsp;&nbsp;&nbsp;UART0_send
<LI><a href="#[88]">&gt;&gt;</a>&nbsp;&nbsp;&nbsp;LED_On
<LI><a href="#[89]">&gt;&gt;</a>&nbsp;&nbsp;&nbsp;LED_Off
</UL>
<BR>[Address Reference Count : 1]<UL><LI> startup_mk20d7.o(RESET)
</UL>
<P><STRONG><a name="[8a]"></a>Switch_Config</STRONG> (Thumb, 114 bytes, Stack size 8 bytes, drivers.o(i.Switch_Config))
<BR><BR>[Stack]<UL><LI>Max Depth = 8<LI>Call Chain = Switch_Config
</UL>
<BR>[Calls]<UL><LI><a href="#[8b]">&gt;&gt;</a>&nbsp;&nbsp;&nbsp;__NVIC_EnableIRQ
</UL>
<BR>[Called By]<UL><LI><a href="#[7a]">&gt;&gt;</a>&nbsp;&nbsp;&nbsp;main
</UL>

<P><STRONG><a name="[c]"></a>SysTick_Handler</STRONG> (Thumb, 134 bytes, Stack size 8 bytes, main.o(i.SysTick_Handler))
<BR><BR>[Stack]<UL><LI>Max Depth = 8<LI>Call Chain = SysTick_Handler
</UL>
<BR>[Calls]<UL><LI><a href="#[8d]">&gt;&gt;</a>&nbsp;&nbsp;&nbsp;Finger_Timing
<LI><a href="#[8c]">&gt;&gt;</a>&nbsp;&nbsp;&nbsp;ADC0_Read
</UL>
<BR>[Address Reference Count : 1]<UL><LI> startup_mk20d7.o(RESET)
</UL>
<P><STRONG><a name="[6d]"></a>SystemInit</STRONG> (Thumb, 340 bytes, Stack size 0 bytes, system_mk20d7.o(i.SystemInit))
<BR>[Address Reference Count : 1]<UL><LI> startup_mk20d7.o(.text)
</UL>
<P><STRONG><a name="[8e]"></a>UART0_Config</STRONG> (Thumb, 78 bytes, Stack size 8 bytes, drivers.o(i.UART0_Config))
<BR><BR>[Stack]<UL><LI>Max Depth = 8<LI>Call Chain = UART0_Config
</UL>
<BR>[Calls]<UL><LI><a href="#[8b]">&gt;&gt;</a>&nbsp;&nbsp;&nbsp;__NVIC_EnableIRQ
</UL>
<BR>[Called By]<UL><LI><a href="#[7a]">&gt;&gt;</a>&nbsp;&nbsp;&nbsp;main
</UL>

<P><STRONG><a name="[3a]"></a>UART0_RX_TX_IRQHandler</STRONG> (Thumb, 12 bytes, Stack size 0 bytes, main.o(i.UART0_RX_TX_IRQHandler))
<BR>[Address Reference Count : 1]<UL><LI> startup_mk20d7.o(RESET)
</UL>
<P><STRONG><a name="[87]"></a>UART0_send</STRONG> (Thumb, 20 bytes, Stack size 0 bytes, drivers.o(i.UART0_send))
<BR><BR>[Called By]<UL><LI><a href="#[66]">&gt;&gt;</a>&nbsp;&nbsp;&nbsp;PORTC_IRQHandler
</UL>

<P><STRONG><a name="[7a]"></a>main</STRONG> (Thumb, 170 bytes, Stack size 0 bytes, main.o(i.main))
<BR><BR>[Stack]<UL><LI>Max Depth = 36<LI>Call Chain = main &rArr; Finger_Action &rArr; arm_mean_q15
</UL>
<BR>[Calls]<UL><LI><a href="#[92]">&gt;&gt;</a>&nbsp;&nbsp;&nbsp;arm_fill_q15
<LI><a href="#[8e]">&gt;&gt;</a>&nbsp;&nbsp;&nbsp;UART0_Config
<LI><a href="#[8a]">&gt;&gt;</a>&nbsp;&nbsp;&nbsp;Switch_Config
<LI><a href="#[91]">&gt;&gt;</a>&nbsp;&nbsp;&nbsp;Output_Config
<LI><a href="#[8f]">&gt;&gt;</a>&nbsp;&nbsp;&nbsp;LED_Config
<LI><a href="#[82]">&gt;&gt;</a>&nbsp;&nbsp;&nbsp;Finger_Action
<LI><a href="#[90]">&gt;&gt;</a>&nbsp;&nbsp;&nbsp;ADC0_Config
</UL>
<BR>[Called By]<UL><LI><a href="#[79]">&gt;&gt;</a>&nbsp;&nbsp;&nbsp;__rt_entry_main
</UL>
<P>
<H3>
Local Symbols
</H3>
<P><STRONG><a name="[8b]"></a>__NVIC_EnableIRQ</STRONG> (Thumb, 26 bytes, Stack size 0 bytes, drivers.o(i.__NVIC_EnableIRQ))
<BR><BR>[Called By]<UL><LI><a href="#[8e]">&gt;&gt;</a>&nbsp;&nbsp;&nbsp;UART0_Config
<LI><a href="#[8a]">&gt;&gt;</a>&nbsp;&nbsp;&nbsp;Switch_Config
</UL>
<P>
<H3>
Undefined Global Symbols
</H3><HR></body></html>
