<html>
<body>
<pre>
<h1>µVision Build Log</h1>
<h2>Tool Versions:</h2>
IDE-Version: µVision V5.20.0.0
Copyright (C) 2016 ARM Ltd and ARM Germany GmbH. All rights reserved.
License Information: Julio Fajardo, Universidad Galileo, LIC=----
 
Tool Versions:
Toolchain:       MDK-Lite  Version: 5.20
Toolchain Path:  C:\Keil_v5\ARM\ARMCC\Bin
C Compiler:      Armcc.exe V5.06 update 2 (build 183)
Assembler:       Armasm.exe V5.06 update 2 (build 183)
Linker/Locator:  ArmLink.exe V5.06 update 2 (build 183)
Library Manager: ArmAr.exe V5.06 update 2 (build 183)
Hex Converter:   FromElf.exe V5.06 update 2 (build 183)
CPU DLL:         SARMCM3.DLL V5.20
Dialog DLL:      DCM.DLL V1.13.7.0
Target DLL:      UL2CM3.DLL V1.157.18.0
Dialog DLL:      TCM.DLL V1.14.9.0
 
<h2>Project:</h2>
D:\TuringLab\GalileoHand_TeensyKeil\GalileoHand_TeensyKeil\GalileoHand_TeensyKeil.uvprojx
Project File Date:  05/18/2017

<h2>Output:</h2>
*** Using Compiler 'V5.06 update 2 (build 183)', folder: 'C:\Keil_v5\ARM\ARMCC\Bin'
Rebuild target 'Target 1'
compiling drivers.c...
compiling main.c...
compiling finger.c...
assembling startup_MK20D7.s...
compiling system_MK20D7.c...
linking...
Program Size: Code=2924 RO-data=1128 RW-data=760 ZI-data=1120  
FromELF: creating hex file...
".\Objects\GalileoHand_TeensyKeil.axf" - 0 Error(s), 0 Warning(s).

<h2>Software Packages used:</h2>

Package Vendor: ARM
                http://www.keil.com/pack/ARM.CMSIS.5.0.0-Beta4.pack
                ARM::CMSIS:DSP:1.4.6
                CMSIS (Cortex Microcontroller Software Interface Standard)
   * Component: DSP Version: 1.4.6
   * Component: CORE Version: 5.0.0

Package Vendor: Keil
                http://www.keil.com/pack/Keil.Kinetis_K20_DFP.1.3.0.pack
                Keil::Device:Startup:0.0.1
                Freescale Kinetis K20 Series Device Support and Examples
   * Component: Startup Version: 0.0.1

<h2>Collection of Component include folders:</h2>
  D:\TuringLab\GalileoHand_TeensyKeil\GalileoHand_TeensyKeil\RTE
  D:\TuringLab\GalileoHand_TeensyKeil\GalileoHand_TeensyKeil\RTE\Device\MK20DX256xxx7
  C:\Keil_v5\ARM\PACK\ARM\CMSIS\5.0.0-Beta4\CMSIS\Include
  C:\Keil_v5\ARM\PACK\Keil\Kinetis_K20_DFP\1.3.0\Device\Include

<h2>Collection of Component Files used:</h2>

   * Component: ARM::CMSIS:DSP:1.4.6
      Library file:  CMSIS\Lib\ARM\arm_cortexM4l_math.lib
      Include file:  CMSIS\Include\arm_math.h

   * Component: ARM::CMSIS:CORE:5.0.0

   * Component: Keil::Device:Startup:0.0.1
      Source file:   Device\Source\ARM\startup_MK20D7.s
      Source file:   Device\Source\system_MK20D7.c
      Include file:  RTE_Driver\Config\RTE_Device.h
Build Time Elapsed:  00:00:02
</pre>
</body>
</html>
