Component: ARM Compiler 5.06 update 2 (build 183) Tool: armlink [4d35b7]

==============================================================================

Section Cross References

    main.o(i.Finger_Action) refers to main.o(i.Finger_Stop) for Finger_Stop
    main.o(i.Finger_Action) refers to arm_mean_q15.o(.text) for arm_mean_q15
    main.o(i.Finger_Action) refers to main.o(i.Finger_Close) for Finger_Close
    main.o(i.Finger_Action) refers to main.o(i.Finger_Open) for Finger_Open
    main.o(i.Finger_Action) refers to main.o(.data) for little_f
    main.o(i.Finger_Close) refers to main.o(.data) for fingers_addr
    main.o(i.Finger_Close) refers to main.o(.constdata) for fingers_mask
    main.o(i.Finger_Open) refers to main.o(.data) for fingers_addr
    main.o(i.Finger_Open) refers to main.o(.constdata) for fingers_mask
    main.o(i.Finger_Stop) refers to main.o(.data) for fingers_addr
    main.o(i.Finger_Stop) refers to main.o(.constdata) for fingers_mask
    main.o(i.PORTC_IRQHandler) refers to drivers.o(i.UART0_send) for UART0_send
    main.o(i.PORTC_IRQHandler) refers to drivers.o(i.LED_On) for LED_On
    main.o(i.PORTC_IRQHandler) refers to drivers.o(i.LED_Off) for LED_Off
    main.o(i.PORTC_IRQHandler) refers to main.o(.data) for cmd
    main.o(i.SysTick_Handler) refers to drivers.o(i.ADC0_Read) for ADC0_Read
    main.o(i.SysTick_Handler) refers to main.o(i.Finger_Timing) for Finger_Timing
    main.o(i.SysTick_Handler) refers to main.o(.data) for ticks
    main.o(i.main) refers to drivers.o(i.Switch_Init) for Switch_Init
    main.o(i.main) refers to drivers.o(i.LED_Init) for LED_Init
    main.o(i.main) refers to drivers.o(i.ADC0_Init) for ADC0_Init
    main.o(i.main) refers to drivers.o(i.UART0_Init) for UART0_Init
    main.o(i.main) refers to drivers.o(i.Output_Init) for Output_Init
    main.o(i.main) refers to arm_fill_q15.o(.text) for arm_fill_q15
    main.o(i.main) refers to main.o(i.Finger_Action) for Finger_Action
    main.o(i.main) refers to system_mk20d7.o(.data) for SystemCoreClock
    main.o(i.main) refers to main.o(.data) for little_f
    drivers.o(i.ADC0_Read) refers to drivers.o(.constdata) for channel2sc1a
    drivers.o(i.FTM0_Init) refers to drivers.o(i.__NVIC_EnableIRQ) for __NVIC_EnableIRQ
    drivers.o(i.Switch_Init) refers to drivers.o(i.__NVIC_EnableIRQ) for __NVIC_EnableIRQ
    drivers.o(i.UART0_Init) refers to drivers.o(i.__NVIC_EnableIRQ) for __NVIC_EnableIRQ
    drivers.o(i.UART0_putString) refers to drivers.o(i.UART0_send) for UART0_send
    drivers.o(i.UART2_Init) refers to drivers.o(i.__NVIC_EnableIRQ) for __NVIC_EnableIRQ
    drivers.o(i.UART2_putString) refers to drivers.o(i.UART2_send) for UART2_send
    drivers.o(i.itoa) refers to drivers.o(i.reverse) for reverse
    drivers.o(i.reverse) refers to strlen.o(.text) for strlen
    startup_mk20d7.o(STACK) refers (Special) to heapauxi.o(.text) for __use_two_region_memory
    startup_mk20d7.o(HEAP) refers (Special) to heapauxi.o(.text) for __use_two_region_memory
    startup_mk20d7.o(RESET) refers (Special) to heapauxi.o(.text) for __use_two_region_memory
    startup_mk20d7.o(RESET) refers to startup_mk20d7.o(STACK) for __initial_sp
    startup_mk20d7.o(RESET) refers to startup_mk20d7.o(.text) for Reset_Handler
    startup_mk20d7.o(RESET) refers to main.o(i.SysTick_Handler) for SysTick_Handler
    startup_mk20d7.o(RESET) refers to main.o(i.UART0_RX_TX_IRQHandler) for UART0_RX_TX_IRQHandler
    startup_mk20d7.o(RESET) refers to main.o(i.PORTC_IRQHandler) for PORTC_IRQHandler
    startup_mk20d7.o(.ARM.__at_0x400) refers (Special) to heapauxi.o(.text) for __use_two_region_memory
    startup_mk20d7.o(.text) refers (Special) to heapauxi.o(.text) for __use_two_region_memory
    startup_mk20d7.o(.text) refers to system_mk20d7.o(i.SystemInit) for SystemInit
    startup_mk20d7.o(.text) refers to __main.o(!!!main) for __main
    startup_mk20d7.o(.text) refers to startup_mk20d7.o(HEAP) for Heap_Mem
    startup_mk20d7.o(.text) refers to startup_mk20d7.o(STACK) for Stack_Mem
    __main.o(!!!main) refers to __rtentry.o(.ARM.Collect$$rtentry$$00000000) for __rt_entry
    __rtentry.o(.ARM.Collect$$rtentry$$00000000) refers (Special) to __rtentry2.o(.ARM.Collect$$rtentry$$0000000A) for __rt_entry_li
    __rtentry.o(.ARM.Collect$$rtentry$$00000000) refers (Special) to __rtentry2.o(.ARM.Collect$$rtentry$$0000000D) for __rt_entry_main
    __rtentry.o(.ARM.Collect$$rtentry$$00000000) refers (Special) to __rtentry2.o(.ARM.Collect$$rtentry$$0000000C) for __rt_entry_postli_1
    __rtentry.o(.ARM.Collect$$rtentry$$00000000) refers (Special) to __rtentry2.o(.ARM.Collect$$rtentry$$00000009) for __rt_entry_postsh_1
    __rtentry.o(.ARM.Collect$$rtentry$$00000000) refers (Special) to __rtentry2.o(.ARM.Collect$$rtentry$$00000002) for __rt_entry_presh_1
    __rtentry.o(.ARM.Collect$$rtentry$$00000000) refers (Special) to __rtentry4.o(.ARM.Collect$$rtentry$$00000004) for __rt_entry_sh
    __rtentry2.o(.ARM.Collect$$rtentry$$00000008) refers to boardinit2.o(.text) for _platform_post_stackheap_init
    __rtentry2.o(.ARM.Collect$$rtentry$$0000000A) refers to libinit.o(.ARM.Collect$$libinit$$00000000) for __rt_lib_init
    __rtentry2.o(.ARM.Collect$$rtentry$$0000000B) refers to boardinit3.o(.text) for _platform_post_lib_init
    __rtentry2.o(.ARM.Collect$$rtentry$$0000000D) refers to main.o(i.main) for main
    __rtentry2.o(.ARM.Collect$$rtentry$$0000000D) refers to exit.o(.text) for exit
    __rtentry2.o(.ARM.exidx) refers to __rtentry2.o(.ARM.Collect$$rtentry$$00000001) for .ARM.Collect$$rtentry$$00000001
    __rtentry2.o(.ARM.exidx) refers to __rtentry2.o(.ARM.Collect$$rtentry$$00000008) for .ARM.Collect$$rtentry$$00000008
    __rtentry2.o(.ARM.exidx) refers to __rtentry2.o(.ARM.Collect$$rtentry$$0000000A) for .ARM.Collect$$rtentry$$0000000A
    __rtentry2.o(.ARM.exidx) refers to __rtentry2.o(.ARM.Collect$$rtentry$$0000000B) for .ARM.Collect$$rtentry$$0000000B
    __rtentry2.o(.ARM.exidx) refers to __rtentry2.o(.ARM.Collect$$rtentry$$0000000D) for .ARM.Collect$$rtentry$$0000000D
    __rtentry4.o(.ARM.Collect$$rtentry$$00000004) refers to sys_stackheap_outer.o(.text) for __user_setup_stackheap
    __rtentry4.o(.ARM.exidx) refers to __rtentry4.o(.ARM.Collect$$rtentry$$00000004) for .ARM.Collect$$rtentry$$00000004
    sys_stackheap_outer.o(.text) refers to libspace.o(.text) for __user_perproc_libspace
    sys_stackheap_outer.o(.text) refers to startup_mk20d7.o(.text) for __user_initial_stackheap
    exit.o(.text) refers to rtexit.o(.ARM.Collect$$rtexit$$00000000) for __rt_exit
    libinit.o(.ARM.Collect$$libinit$$00000000) refers (Special) to libinit2.o(.ARM.Collect$$libinit$$0000002E) for __rt_lib_init_alloca_1
    libinit.o(.ARM.Collect$$libinit$$00000000) refers (Special) to libinit2.o(.ARM.Collect$$libinit$$0000002C) for __rt_lib_init_argv_1
    libinit.o(.ARM.Collect$$libinit$$00000000) refers (Special) to libinit2.o(.ARM.Collect$$libinit$$0000001B) for __rt_lib_init_atexit_1
    libinit.o(.ARM.Collect$$libinit$$00000000) refers (Special) to libinit2.o(.ARM.Collect$$libinit$$00000021) for __rt_lib_init_clock_1
    libinit.o(.ARM.Collect$$libinit$$00000000) refers (Special) to libinit2.o(.ARM.Collect$$libinit$$00000032) for __rt_lib_init_cpp_1
    libinit.o(.ARM.Collect$$libinit$$00000000) refers (Special) to libinit2.o(.ARM.Collect$$libinit$$00000030) for __rt_lib_init_exceptions_1
    libinit.o(.ARM.Collect$$libinit$$00000000) refers (Special) to libinit2.o(.ARM.Collect$$libinit$$00000002) for __rt_lib_init_fp_1
    libinit.o(.ARM.Collect$$libinit$$00000000) refers (Special) to libinit2.o(.ARM.Collect$$libinit$$0000001F) for __rt_lib_init_fp_trap_1
    libinit.o(.ARM.Collect$$libinit$$00000000) refers (Special) to libinit2.o(.ARM.Collect$$libinit$$00000023) for __rt_lib_init_getenv_1
    libinit.o(.ARM.Collect$$libinit$$00000000) refers (Special) to libinit2.o(.ARM.Collect$$libinit$$0000000A) for __rt_lib_init_heap_1
    libinit.o(.ARM.Collect$$libinit$$00000000) refers (Special) to libinit2.o(.ARM.Collect$$libinit$$00000011) for __rt_lib_init_lc_collate_1
    libinit.o(.ARM.Collect$$libinit$$00000000) refers (Special) to libinit2.o(.ARM.Collect$$libinit$$00000013) for __rt_lib_init_lc_ctype_1
    libinit.o(.ARM.Collect$$libinit$$00000000) refers (Special) to libinit2.o(.ARM.Collect$$libinit$$00000015) for __rt_lib_init_lc_monetary_1
    libinit.o(.ARM.Collect$$libinit$$00000000) refers (Special) to libinit2.o(.ARM.Collect$$libinit$$00000017) for __rt_lib_init_lc_numeric_1
    libinit.o(.ARM.Collect$$libinit$$00000000) refers (Special) to libinit2.o(.ARM.Collect$$libinit$$00000019) for __rt_lib_init_lc_time_1
    libinit.o(.ARM.Collect$$libinit$$00000000) refers (Special) to libinit2.o(.ARM.Collect$$libinit$$00000004) for __rt_lib_init_preinit_1
    libinit.o(.ARM.Collect$$libinit$$00000000) refers (Special) to libinit2.o(.ARM.Collect$$libinit$$0000000E) for __rt_lib_init_rand_1
    libinit.o(.ARM.Collect$$libinit$$00000000) refers (Special) to libinit2.o(.ARM.Collect$$libinit$$00000033) for __rt_lib_init_return
    libinit.o(.ARM.Collect$$libinit$$00000000) refers (Special) to libinit2.o(.ARM.Collect$$libinit$$0000001D) for __rt_lib_init_signal_1
    libinit.o(.ARM.Collect$$libinit$$00000000) refers (Special) to libinit2.o(.ARM.Collect$$libinit$$00000025) for __rt_lib_init_stdio_1
    libinit.o(.ARM.Collect$$libinit$$00000000) refers (Special) to libinit2.o(.ARM.Collect$$libinit$$0000000C) for __rt_lib_init_user_alloc_1
    libspace.o(.text) refers to libspace.o(.bss) for __libspace_start
    rtexit.o(.ARM.Collect$$rtexit$$00000000) refers (Special) to rtexit2.o(.ARM.Collect$$rtexit$$00000004) for __rt_exit_exit
    rtexit.o(.ARM.Collect$$rtexit$$00000000) refers (Special) to rtexit2.o(.ARM.Collect$$rtexit$$00000003) for __rt_exit_ls
    rtexit.o(.ARM.Collect$$rtexit$$00000000) refers (Special) to rtexit2.o(.ARM.Collect$$rtexit$$00000002) for __rt_exit_prels_1
    rtexit.o(.ARM.exidx) refers (Special) to rtexit2.o(.ARM.Collect$$rtexit$$00000004) for __rt_exit_exit
    rtexit.o(.ARM.exidx) refers (Special) to rtexit2.o(.ARM.Collect$$rtexit$$00000003) for __rt_exit_ls
    rtexit.o(.ARM.exidx) refers (Special) to rtexit2.o(.ARM.Collect$$rtexit$$00000002) for __rt_exit_prels_1
    rtexit.o(.ARM.exidx) refers to rtexit.o(.ARM.Collect$$rtexit$$00000000) for .ARM.Collect$$rtexit$$00000000
    libinit2.o(.ARM.Collect$$libinit$$00000010) refers to libinit2.o(.ARM.Collect$$libinit$$0000000F) for .ARM.Collect$$libinit$$0000000F
    libinit2.o(.ARM.Collect$$libinit$$00000012) refers to libinit2.o(.ARM.Collect$$libinit$$0000000F) for .ARM.Collect$$libinit$$0000000F
    libinit2.o(.ARM.Collect$$libinit$$00000014) refers to libinit2.o(.ARM.Collect$$libinit$$0000000F) for .ARM.Collect$$libinit$$0000000F
    libinit2.o(.ARM.Collect$$libinit$$00000016) refers to libinit2.o(.ARM.Collect$$libinit$$0000000F) for .ARM.Collect$$libinit$$0000000F
    libinit2.o(.ARM.Collect$$libinit$$00000018) refers to libinit2.o(.ARM.Collect$$libinit$$0000000F) for .ARM.Collect$$libinit$$0000000F
    libinit2.o(.ARM.Collect$$libinit$$00000026) refers to argv_veneer.o(.emb_text) for __ARM_argv_veneer
    libinit2.o(.ARM.Collect$$libinit$$00000027) refers to argv_veneer.o(.emb_text) for __ARM_argv_veneer
    rtexit2.o(.ARM.Collect$$rtexit$$00000003) refers to libshutdown.o(.ARM.Collect$$libshutdown$$00000000) for __rt_lib_shutdown
    rtexit2.o(.ARM.Collect$$rtexit$$00000004) refers to sys_exit.o(.text) for _sys_exit
    rtexit2.o(.ARM.exidx) refers to rtexit2.o(.ARM.Collect$$rtexit$$00000001) for .ARM.Collect$$rtexit$$00000001
    rtexit2.o(.ARM.exidx) refers to rtexit2.o(.ARM.Collect$$rtexit$$00000003) for .ARM.Collect$$rtexit$$00000003
    rtexit2.o(.ARM.exidx) refers to rtexit2.o(.ARM.Collect$$rtexit$$00000004) for .ARM.Collect$$rtexit$$00000004
    argv_veneer.o(.emb_text) refers to no_argv.o(.text) for __ARM_get_argv
    sys_exit.o(.text) refers (Special) to use_no_semi.o(.text) for __I$use$semihosting
    sys_exit.o(.text) refers (Special) to indicate_semi.o(.text) for __semihosting_library_function
    _get_argv_nomalloc.o(.text) refers (Special) to hrguard.o(.text) for __heap_region$guard
    _get_argv_nomalloc.o(.text) refers to defsig_rtmem_outer.o(.text) for __rt_SIGRTMEM
    _get_argv_nomalloc.o(.text) refers to sys_command.o(.text) for _sys_command_string
    libshutdown.o(.ARM.Collect$$libshutdown$$00000000) refers (Special) to libshutdown2.o(.ARM.Collect$$libshutdown$$00000002) for __rt_lib_shutdown_cpp_1
    libshutdown.o(.ARM.Collect$$libshutdown$$00000000) refers (Special) to libshutdown2.o(.ARM.Collect$$libshutdown$$00000007) for __rt_lib_shutdown_fp_trap_1
    libshutdown.o(.ARM.Collect$$libshutdown$$00000000) refers (Special) to libshutdown2.o(.ARM.Collect$$libshutdown$$0000000F) for __rt_lib_shutdown_heap_1
    libshutdown.o(.ARM.Collect$$libshutdown$$00000000) refers (Special) to libshutdown2.o(.ARM.Collect$$libshutdown$$00000010) for __rt_lib_shutdown_return
    libshutdown.o(.ARM.Collect$$libshutdown$$00000000) refers (Special) to libshutdown2.o(.ARM.Collect$$libshutdown$$0000000A) for __rt_lib_shutdown_signal_1
    libshutdown.o(.ARM.Collect$$libshutdown$$00000000) refers (Special) to libshutdown2.o(.ARM.Collect$$libshutdown$$00000004) for __rt_lib_shutdown_stdio_1
    libshutdown.o(.ARM.Collect$$libshutdown$$00000000) refers (Special) to libshutdown2.o(.ARM.Collect$$libshutdown$$0000000C) for __rt_lib_shutdown_user_alloc_1
    sys_command.o(.text) refers (Special) to use_no_semi.o(.text) for __I$use$semihosting
    sys_command.o(.text) refers (Special) to indicate_semi.o(.text) for __semihosting_library_function
    defsig_rtmem_outer.o(.text) refers to defsig_rtmem_inner.o(.text) for __rt_SIGRTMEM_inner
    defsig_rtmem_outer.o(.text) refers to defsig_exit.o(.text) for __sig_exit
    defsig_rtmem_formal.o(.text) refers to rt_raise.o(.text) for __rt_raise
    rt_raise.o(.text) refers to __raise.o(.text) for __raise
    rt_raise.o(.text) refers to sys_exit.o(.text) for _sys_exit
    defsig_exit.o(.text) refers to sys_exit.o(.text) for _sys_exit
    defsig_rtmem_inner.o(.text) refers to defsig_general.o(.text) for __default_signal_display
    __raise.o(.text) refers to defsig.o(CL$$defsig) for __default_signal_handler
    defsig_general.o(.text) refers to sys_wrch.o(.text) for _ttywrch
    sys_wrch.o(.text) refers (Special) to use_no_semi.o(.text) for __I$use$semihosting
    sys_wrch.o(.text) refers (Special) to indicate_semi.o(.text) for __semihosting_library_function
    defsig.o(CL$$defsig) refers to defsig_rtmem_inner.o(.text) for __rt_SIGRTMEM_inner
    defsig_abrt_inner.o(.text) refers to defsig_general.o(.text) for __default_signal_display
    defsig_fpe_inner.o(.text) refers to defsig_general.o(.text) for __default_signal_display
    defsig_rtred_inner.o(.text) refers to defsig_general.o(.text) for __default_signal_display
    defsig_stak_inner.o(.text) refers to defsig_general.o(.text) for __default_signal_display
    defsig_pvfn_inner.o(.text) refers to defsig_general.o(.text) for __default_signal_display
    defsig_cppl_inner.o(.text) refers to defsig_general.o(.text) for __default_signal_display
    defsig_segv_inner.o(.text) refers to defsig_general.o(.text) for __default_signal_display
    defsig_other.o(.text) refers to defsig_general.o(.text) for __default_signal_display


==============================================================================

Removing Unused input sections from the image.

    Removing main.o(.rev16_text), (4 bytes).
    Removing main.o(.revsh_text), (4 bytes).
    Removing main.o(.rrx_text), (6 bytes).
    Removing drivers.o(.rev16_text), (4 bytes).
    Removing drivers.o(.revsh_text), (4 bytes).
    Removing drivers.o(.rrx_text), (6 bytes).
    Removing drivers.o(i.FTM0_Init), (88 bytes).
    Removing drivers.o(i.LED_Toggle), (24 bytes).
    Removing drivers.o(i.UART0_putString), (22 bytes).
    Removing drivers.o(i.UART2_Init), (92 bytes).
    Removing drivers.o(i.UART2_putString), (22 bytes).
    Removing drivers.o(i.UART2_send), (24 bytes).
    Removing drivers.o(i.itoa), (74 bytes).
    Removing drivers.o(i.reverse), (38 bytes).
    Removing system_mk20d7.o(.rev16_text), (4 bytes).
    Removing system_mk20d7.o(.revsh_text), (4 bytes).
    Removing system_mk20d7.o(.rrx_text), (6 bytes).
    Removing system_mk20d7.o(i.SystemCoreClockUpdate), (2 bytes).
    Removing arm_mean_q15.o(.rev16_text), (4 bytes).
    Removing arm_mean_q15.o(.revsh_text), (4 bytes).
    Removing arm_mean_q15.o(.rrx_text), (6 bytes).
    Removing arm_fill_q15.o(.rev16_text), (4 bytes).
    Removing arm_fill_q15.o(.revsh_text), (4 bytes).
    Removing arm_fill_q15.o(.rrx_text), (6 bytes).

24 unused section(s) (total 456 bytes) removed from the image.

==============================================================================

Image Symbol Table

    Local Symbols

    Symbol Name                              Value     Ov Type        Size  Object(Section)

    RESET                                    0x00000000   Section     1024  startup_mk20d7.o(RESET)
    ../clib/angel/boardlib.s                 0x00000000   Number         0  boardinit3.o ABSOLUTE
    ../clib/angel/boardlib.s                 0x00000000   Number         0  boardinit2.o ABSOLUTE
    ../clib/angel/boardlib.s                 0x00000000   Number         0  boardshut.o ABSOLUTE
    ../clib/angel/boardlib.s                 0x00000000   Number         0  boardinit1.o ABSOLUTE
    ../clib/angel/dczerorl2.s                0x00000000   Number         0  __dczerorl2.o ABSOLUTE
    ../clib/angel/handlers.s                 0x00000000   Number         0  __scatter_zi.o ABSOLUTE
    ../clib/angel/kernel.s                   0x00000000   Number         0  rtexit2.o ABSOLUTE
    ../clib/angel/kernel.s                   0x00000000   Number         0  __rtentry4.o ABSOLUTE
    ../clib/angel/kernel.s                   0x00000000   Number         0  rtexit.o ABSOLUTE
    ../clib/angel/kernel.s                   0x00000000   Number         0  __rtentry2.o ABSOLUTE
    ../clib/angel/kernel.s                   0x00000000   Number         0  __rtentry.o ABSOLUTE
    ../clib/angel/rt.s                       0x00000000   Number         0  rt_raise.o ABSOLUTE
    ../clib/angel/scatter.s                  0x00000000   Number         0  __scatter.o ABSOLUTE
    ../clib/angel/startup.s                  0x00000000   Number         0  __main.o ABSOLUTE
    ../clib/angel/sys.s                      0x00000000   Number         0  sys_stackheap_outer.o ABSOLUTE
    ../clib/angel/sys.s                      0x00000000   Number         0  libspace.o ABSOLUTE
    ../clib/angel/sys.s                      0x00000000   Number         0  indicate_semi.o ABSOLUTE
    ../clib/angel/sys.s                      0x00000000   Number         0  use_no_semi.o ABSOLUTE
    ../clib/angel/sysapp.c                   0x00000000   Number         0  sys_wrch.o ABSOLUTE
    ../clib/angel/sysapp.c                   0x00000000   Number         0  sys_command.o ABSOLUTE
    ../clib/angel/sysapp.c                   0x00000000   Number         0  sys_exit.o ABSOLUTE
    ../clib/armsys.c                         0x00000000   Number         0  argv_veneer.o ABSOLUTE
    ../clib/armsys.c                         0x00000000   Number         0  argv_veneer.o ABSOLUTE
    ../clib/armsys.c                         0x00000000   Number         0  no_argv.o ABSOLUTE
    ../clib/armsys.c                         0x00000000   Number         0  _get_argv_nomalloc.o ABSOLUTE
    ../clib/heapalloc.c                      0x00000000   Number         0  hrguard.o ABSOLUTE
    ../clib/heapaux.c                        0x00000000   Number         0  heapauxi.o ABSOLUTE
    ../clib/libinit.s                        0x00000000   Number         0  libinit2.o ABSOLUTE
    ../clib/libinit.s                        0x00000000   Number         0  libinit.o ABSOLUTE
    ../clib/libinit.s                        0x00000000   Number         0  libshutdown2.o ABSOLUTE
    ../clib/libinit.s                        0x00000000   Number         0  libshutdown.o ABSOLUTE
    ../clib/signal.c                         0x00000000   Number         0  defsig_stak_inner.o ABSOLUTE
    ../clib/signal.c                         0x00000000   Number         0  defsig_rtred_inner.o ABSOLUTE
    ../clib/signal.c                         0x00000000   Number         0  defsig_fpe_inner.o ABSOLUTE
    ../clib/signal.c                         0x00000000   Number         0  defsig_abrt_inner.o ABSOLUTE
    ../clib/signal.c                         0x00000000   Number         0  __raise.o ABSOLUTE
    ../clib/signal.c                         0x00000000   Number         0  defsig_exit.o ABSOLUTE
    ../clib/signal.c                         0x00000000   Number         0  defsig_rtmem_formal.o ABSOLUTE
    ../clib/signal.c                         0x00000000   Number         0  defsig_rtmem_inner.o ABSOLUTE
    ../clib/signal.c                         0x00000000   Number         0  defsig_rtmem_outer.o ABSOLUTE
    ../clib/signal.c                         0x00000000   Number         0  defsig_general.o ABSOLUTE
    ../clib/signal.c                         0x00000000   Number         0  defsig_segv_inner.o ABSOLUTE
    ../clib/signal.c                         0x00000000   Number         0  defsig_other.o ABSOLUTE
    ../clib/signal.c                         0x00000000   Number         0  defsig_cppl_inner.o ABSOLUTE
    ../clib/signal.c                         0x00000000   Number         0  defsig_pvfn_inner.o ABSOLUTE
    ../clib/signal.s                         0x00000000   Number         0  defsig.o ABSOLUTE
    ../clib/stdlib.c                         0x00000000   Number         0  exit.o ABSOLUTE
    ../clib/string.c                         0x00000000   Number         0  strlen.o ABSOLUTE
    ../fplib/fpinit.s                        0x00000000   Number         0  fpinit.o ABSOLUTE
    ..\..\Source\StatisticsFunctions\arm_mean_q15.c 0x00000000   Number         0  arm_mean_q15.o ABSOLUTE
    ..\..\Source\SupportFunctions\arm_fill_q15.c 0x00000000   Number         0  arm_fill_q15.o ABSOLUTE
    ..\\..\\Source\\StatisticsFunctions\\arm_mean_q15.c 0x00000000   Number         0  arm_mean_q15.o ABSOLUTE
    ..\\..\\Source\\SupportFunctions\\arm_fill_q15.c 0x00000000   Number         0  arm_fill_q15.o ABSOLUTE
    RTE\Device\MK20DX256xxx7\startup_MK20D7.s 0x00000000   Number         0  startup_mk20d7.o ABSOLUTE
    RTE\Device\MK20DX256xxx7\system_MK20D7.c 0x00000000   Number         0  system_mk20d7.o ABSOLUTE
    RTE\\Device\\MK20DX256xxx7\\system_MK20D7.c 0x00000000   Number         0  system_mk20d7.o ABSOLUTE
    dc.s                                     0x00000000   Number         0  dc.o ABSOLUTE
    drivers.c                                0x00000000   Number         0  drivers.o ABSOLUTE
    drivers.c                                0x00000000   Number         0  drivers.o ABSOLUTE
    main.c                                   0x00000000   Number         0  main.o ABSOLUTE
    main.c                                   0x00000000   Number         0  main.o ABSOLUTE
    .ARM.__at_0x400                          0x00000400   Section       16  startup_mk20d7.o(.ARM.__at_0x400)
    !!!main                                  0x00000410   Section        8  __main.o(!!!main)
    !!!scatter                               0x00000418   Section       52  __scatter.o(!!!scatter)
    !!dczerorl2                              0x0000044c   Section       90  __dczerorl2.o(!!dczerorl2)
    !!handler_zi                             0x000004a8   Section       28  __scatter_zi.o(!!handler_zi)
    .ARM.Collect$$libinit$$00000000          0x000004c4   Section        2  libinit.o(.ARM.Collect$$libinit$$00000000)
    .ARM.Collect$$libinit$$00000002          0x000004c6   Section        0  libinit2.o(.ARM.Collect$$libinit$$00000002)
    .ARM.Collect$$libinit$$00000004          0x000004c6   Section        0  libinit2.o(.ARM.Collect$$libinit$$00000004)
    .ARM.Collect$$libinit$$0000000A          0x000004c6   Section        0  libinit2.o(.ARM.Collect$$libinit$$0000000A)
    .ARM.Collect$$libinit$$0000000C          0x000004c6   Section        0  libinit2.o(.ARM.Collect$$libinit$$0000000C)
    .ARM.Collect$$libinit$$0000000E          0x000004c6   Section        0  libinit2.o(.ARM.Collect$$libinit$$0000000E)
    .ARM.Collect$$libinit$$00000011          0x000004c6   Section        0  libinit2.o(.ARM.Collect$$libinit$$00000011)
    .ARM.Collect$$libinit$$00000013          0x000004c6   Section        0  libinit2.o(.ARM.Collect$$libinit$$00000013)
    .ARM.Collect$$libinit$$00000015          0x000004c6   Section        0  libinit2.o(.ARM.Collect$$libinit$$00000015)
    .ARM.Collect$$libinit$$00000017          0x000004c6   Section        0  libinit2.o(.ARM.Collect$$libinit$$00000017)
    .ARM.Collect$$libinit$$00000019          0x000004c6   Section        0  libinit2.o(.ARM.Collect$$libinit$$00000019)
    .ARM.Collect$$libinit$$0000001B          0x000004c6   Section        0  libinit2.o(.ARM.Collect$$libinit$$0000001B)
    .ARM.Collect$$libinit$$0000001D          0x000004c6   Section        0  libinit2.o(.ARM.Collect$$libinit$$0000001D)
    .ARM.Collect$$libinit$$0000001F          0x000004c6   Section        0  libinit2.o(.ARM.Collect$$libinit$$0000001F)
    .ARM.Collect$$libinit$$00000021          0x000004c6   Section        0  libinit2.o(.ARM.Collect$$libinit$$00000021)
    .ARM.Collect$$libinit$$00000023          0x000004c6   Section        0  libinit2.o(.ARM.Collect$$libinit$$00000023)
    .ARM.Collect$$libinit$$00000025          0x000004c6   Section        0  libinit2.o(.ARM.Collect$$libinit$$00000025)
    .ARM.Collect$$libinit$$0000002C          0x000004c6   Section        0  libinit2.o(.ARM.Collect$$libinit$$0000002C)
    .ARM.Collect$$libinit$$0000002E          0x000004c6   Section        0  libinit2.o(.ARM.Collect$$libinit$$0000002E)
    .ARM.Collect$$libinit$$00000030          0x000004c6   Section        0  libinit2.o(.ARM.Collect$$libinit$$00000030)
    .ARM.Collect$$libinit$$00000032          0x000004c6   Section        0  libinit2.o(.ARM.Collect$$libinit$$00000032)
    .ARM.Collect$$libinit$$00000033          0x000004c6   Section        2  libinit2.o(.ARM.Collect$$libinit$$00000033)
    .ARM.Collect$$libshutdown$$00000000      0x000004c8   Section        2  libshutdown.o(.ARM.Collect$$libshutdown$$00000000)
    .ARM.Collect$$libshutdown$$00000002      0x000004ca   Section        0  libshutdown2.o(.ARM.Collect$$libshutdown$$00000002)
    .ARM.Collect$$libshutdown$$00000004      0x000004ca   Section        0  libshutdown2.o(.ARM.Collect$$libshutdown$$00000004)
    .ARM.Collect$$libshutdown$$00000007      0x000004ca   Section        0  libshutdown2.o(.ARM.Collect$$libshutdown$$00000007)
    .ARM.Collect$$libshutdown$$0000000A      0x000004ca   Section        0  libshutdown2.o(.ARM.Collect$$libshutdown$$0000000A)
    .ARM.Collect$$libshutdown$$0000000C      0x000004ca   Section        0  libshutdown2.o(.ARM.Collect$$libshutdown$$0000000C)
    .ARM.Collect$$libshutdown$$0000000F      0x000004ca   Section        0  libshutdown2.o(.ARM.Collect$$libshutdown$$0000000F)
    .ARM.Collect$$libshutdown$$00000010      0x000004ca   Section        2  libshutdown2.o(.ARM.Collect$$libshutdown$$00000010)
    .ARM.Collect$$rtentry$$00000000          0x000004cc   Section        0  __rtentry.o(.ARM.Collect$$rtentry$$00000000)
    .ARM.Collect$$rtentry$$00000002          0x000004cc   Section        0  __rtentry2.o(.ARM.Collect$$rtentry$$00000002)
    .ARM.Collect$$rtentry$$00000004          0x000004cc   Section        6  __rtentry4.o(.ARM.Collect$$rtentry$$00000004)
    .ARM.Collect$$rtentry$$00000009          0x000004d2   Section        0  __rtentry2.o(.ARM.Collect$$rtentry$$00000009)
    .ARM.Collect$$rtentry$$0000000A          0x000004d2   Section        4  __rtentry2.o(.ARM.Collect$$rtentry$$0000000A)
    .ARM.Collect$$rtentry$$0000000C          0x000004d6   Section        0  __rtentry2.o(.ARM.Collect$$rtentry$$0000000C)
    .ARM.Collect$$rtentry$$0000000D          0x000004d6   Section        8  __rtentry2.o(.ARM.Collect$$rtentry$$0000000D)
    .ARM.Collect$$rtexit$$00000000           0x000004de   Section        2  rtexit.o(.ARM.Collect$$rtexit$$00000000)
    .ARM.Collect$$rtexit$$00000002           0x000004e0   Section        0  rtexit2.o(.ARM.Collect$$rtexit$$00000002)
    .ARM.Collect$$rtexit$$00000003           0x000004e0   Section        4  rtexit2.o(.ARM.Collect$$rtexit$$00000003)
    .ARM.Collect$$rtexit$$00000004           0x000004e4   Section        6  rtexit2.o(.ARM.Collect$$rtexit$$00000004)
    .text                                    0x000004ec   Section       60  startup_mk20d7.o(.text)
    .text                                    0x00000528   Section        0  arm_mean_q15.o(.text)
    .text                                    0x000005e8   Section        0  arm_fill_q15.o(.text)
    .text                                    0x00000662   Section        0  heapauxi.o(.text)
    .text                                    0x00000668   Section       74  sys_stackheap_outer.o(.text)
    .text                                    0x000006b2   Section        0  exit.o(.text)
    .text                                    0x000006c4   Section        8  libspace.o(.text)
    .text                                    0x000006cc   Section        0  sys_exit.o(.text)
    .text                                    0x000006d8   Section        2  use_no_semi.o(.text)
    .text                                    0x000006da   Section        0  indicate_semi.o(.text)
    i.ADC0_Init                              0x000006dc   Section        0  drivers.o(i.ADC0_Init)
    i.ADC0_Read                              0x00000710   Section        0  drivers.o(i.ADC0_Read)
    i.Finger_Action                          0x0000073c   Section        0  main.o(i.Finger_Action)
    i.Finger_Close                           0x00000818   Section        0  main.o(i.Finger_Close)
    i.Finger_Open                            0x00000878   Section        0  main.o(i.Finger_Open)
    i.Finger_Stop                            0x000008d8   Section        0  main.o(i.Finger_Stop)
    i.Finger_Timing                          0x00000938   Section        0  main.o(i.Finger_Timing)
    i.LED_Init                               0x0000096c   Section        0  drivers.o(i.LED_Init)
    i.LED_Off                                0x000009ac   Section        0  drivers.o(i.LED_Off)
    i.LED_On                                 0x000009c4   Section        0  drivers.o(i.LED_On)
    i.Output_Init                            0x000009dc   Section        0  drivers.o(i.Output_Init)
    i.PORTC_IRQHandler                       0x00000abc   Section        0  main.o(i.PORTC_IRQHandler)
    i.Switch_Init                            0x00000b40   Section        0  drivers.o(i.Switch_Init)
    i.SysTick_Handler                        0x00000bc4   Section        0  main.o(i.SysTick_Handler)
    i.SystemInit                             0x00000c60   Section        0  system_mk20d7.o(i.SystemInit)
    i.UART0_Init                             0x00000de0   Section        0  drivers.o(i.UART0_Init)
    i.UART0_RX_TX_IRQHandler                 0x00000e3c   Section        0  main.o(i.UART0_RX_TX_IRQHandler)
    i.UART0_send                             0x00000e4c   Section        0  drivers.o(i.UART0_send)
    i.__NVIC_EnableIRQ                       0x00000e64   Section        0  drivers.o(i.__NVIC_EnableIRQ)
    __NVIC_EnableIRQ                         0x00000e65   Thumb Code    26  drivers.o(i.__NVIC_EnableIRQ)
    i.main                                   0x00000e80   Section        0  main.o(i.main)
    .constdata                               0x00000f24   Section       48  main.o(.constdata)
    .constdata                               0x00000f54   Section       23  drivers.o(.constdata)
    channel2sc1a                             0x00000f54   Data          23  drivers.o(.constdata)
    .data                                    0x20000000   Section      729  main.o(.data)
    .data                                    0x200002dc   Section        4  system_mk20d7.o(.data)
    .bss                                     0x200002e0   Section       96  libspace.o(.bss)
    HEAP                                     0x20000340   Section        0  startup_mk20d7.o(HEAP)
    STACK                                    0x20000340   Section     1024  startup_mk20d7.o(STACK)
    Heap_Mem                                 0x20000340   Data           0  startup_mk20d7.o(HEAP)
    Stack_Mem                                0x20000340   Data        1024  startup_mk20d7.o(STACK)
    __initial_sp                             0x20000740   Data           0  startup_mk20d7.o(STACK)

    Global Symbols

    Symbol Name                              Value     Ov Type        Size  Object(Section)

    BuildAttributes$$THM_ISAv4$E$P$D$K$B$S$7EM$PE$A:L22UL41UL21$X:L11$S22US41US21$IEEE1$IW$USESV6$~STKCKD$USESV7$~SHL$OTIME$ROPI$EBA8$UX$STANDARDLIB$REQ8$PRES8$EABIv2 0x00000000   Number         0  anon$$obj.o ABSOLUTE
    __ARM_use_no_argv                        0x00000000   Number         0  main.o ABSOLUTE
    __Vectors                                0x00000000   Data           4  startup_mk20d7.o(RESET)
    __ARM_exceptions_init                     - Undefined Weak Reference
    __alloca_initialize                       - Undefined Weak Reference
    __arm_preinit_                            - Undefined Weak Reference
    __cpp_initialize__aeabi_                  - Undefined Weak Reference
    __cxa_finalize                            - Undefined Weak Reference
    __rt_locale                               - Undefined Weak Reference
    __sigvec_lookup                           - Undefined Weak Reference
    _atexit_init                              - Undefined Weak Reference
    _call_atexit_fns                          - Undefined Weak Reference
    _clock_init                               - Undefined Weak Reference
    _fp_trap_init                             - Undefined Weak Reference
    _fp_trap_shutdown                         - Undefined Weak Reference
    _get_lc_collate                           - Undefined Weak Reference
    _get_lc_ctype                             - Undefined Weak Reference
    _get_lc_monetary                          - Undefined Weak Reference
    _get_lc_numeric                           - Undefined Weak Reference
    _get_lc_time                              - Undefined Weak Reference
    _getenv_init                              - Undefined Weak Reference
    _handle_redirection                       - Undefined Weak Reference
    _init_alloc                               - Undefined Weak Reference
    _init_user_alloc                          - Undefined Weak Reference
    _initio                                   - Undefined Weak Reference
    _rand_init                                - Undefined Weak Reference
    _signal_finish                            - Undefined Weak Reference
    _signal_init                              - Undefined Weak Reference
    _terminate_alloc                          - Undefined Weak Reference
    _terminate_user_alloc                     - Undefined Weak Reference
    _terminateio                              - Undefined Weak Reference
    __Vectors_End                            0x00000400   Data           0  startup_mk20d7.o(RESET)
    __Vectors_Size                           0x00000400   Number         0  startup_mk20d7.o ABSOLUTE
    __main                                   0x00000411   Thumb Code     8  __main.o(!!!main)
    __scatterload                            0x00000419   Thumb Code     0  __scatter.o(!!!scatter)
    __scatterload_rt2                        0x00000419   Thumb Code    44  __scatter.o(!!!scatter)
    __scatterload_rt2_thumb_only             0x00000419   Thumb Code     0  __scatter.o(!!!scatter)
    __scatterload_null                       0x00000427   Thumb Code     0  __scatter.o(!!!scatter)
    __decompress                             0x0000044d   Thumb Code    90  __dczerorl2.o(!!dczerorl2)
    __decompress1                            0x0000044d   Thumb Code     0  __dczerorl2.o(!!dczerorl2)
    __scatterload_zeroinit                   0x000004a9   Thumb Code    28  __scatter_zi.o(!!handler_zi)
    __rt_lib_init                            0x000004c5   Thumb Code     0  libinit.o(.ARM.Collect$$libinit$$00000000)
    __rt_lib_init_alloca_1                   0x000004c7   Thumb Code     0  libinit2.o(.ARM.Collect$$libinit$$0000002E)
    __rt_lib_init_argv_1                     0x000004c7   Thumb Code     0  libinit2.o(.ARM.Collect$$libinit$$0000002C)
    __rt_lib_init_atexit_1                   0x000004c7   Thumb Code     0  libinit2.o(.ARM.Collect$$libinit$$0000001B)
    __rt_lib_init_clock_1                    0x000004c7   Thumb Code     0  libinit2.o(.ARM.Collect$$libinit$$00000021)
    __rt_lib_init_cpp_1                      0x000004c7   Thumb Code     0  libinit2.o(.ARM.Collect$$libinit$$00000032)
    __rt_lib_init_exceptions_1               0x000004c7   Thumb Code     0  libinit2.o(.ARM.Collect$$libinit$$00000030)
    __rt_lib_init_fp_1                       0x000004c7   Thumb Code     0  libinit2.o(.ARM.Collect$$libinit$$00000002)
    __rt_lib_init_fp_trap_1                  0x000004c7   Thumb Code     0  libinit2.o(.ARM.Collect$$libinit$$0000001F)
    __rt_lib_init_getenv_1                   0x000004c7   Thumb Code     0  libinit2.o(.ARM.Collect$$libinit$$00000023)
    __rt_lib_init_heap_1                     0x000004c7   Thumb Code     0  libinit2.o(.ARM.Collect$$libinit$$0000000A)
    __rt_lib_init_lc_collate_1               0x000004c7   Thumb Code     0  libinit2.o(.ARM.Collect$$libinit$$00000011)
    __rt_lib_init_lc_ctype_1                 0x000004c7   Thumb Code     0  libinit2.o(.ARM.Collect$$libinit$$00000013)
    __rt_lib_init_lc_monetary_1              0x000004c7   Thumb Code     0  libinit2.o(.ARM.Collect$$libinit$$00000015)
    __rt_lib_init_lc_numeric_1               0x000004c7   Thumb Code     0  libinit2.o(.ARM.Collect$$libinit$$00000017)
    __rt_lib_init_lc_time_1                  0x000004c7   Thumb Code     0  libinit2.o(.ARM.Collect$$libinit$$00000019)
    __rt_lib_init_preinit_1                  0x000004c7   Thumb Code     0  libinit2.o(.ARM.Collect$$libinit$$00000004)
    __rt_lib_init_rand_1                     0x000004c7   Thumb Code     0  libinit2.o(.ARM.Collect$$libinit$$0000000E)
    __rt_lib_init_return                     0x000004c7   Thumb Code     0  libinit2.o(.ARM.Collect$$libinit$$00000033)
    __rt_lib_init_signal_1                   0x000004c7   Thumb Code     0  libinit2.o(.ARM.Collect$$libinit$$0000001D)
    __rt_lib_init_stdio_1                    0x000004c7   Thumb Code     0  libinit2.o(.ARM.Collect$$libinit$$00000025)
    __rt_lib_init_user_alloc_1               0x000004c7   Thumb Code     0  libinit2.o(.ARM.Collect$$libinit$$0000000C)
    __rt_lib_shutdown                        0x000004c9   Thumb Code     0  libshutdown.o(.ARM.Collect$$libshutdown$$00000000)
    __rt_lib_shutdown_cpp_1                  0x000004cb   Thumb Code     0  libshutdown2.o(.ARM.Collect$$libshutdown$$00000002)
    __rt_lib_shutdown_fp_trap_1              0x000004cb   Thumb Code     0  libshutdown2.o(.ARM.Collect$$libshutdown$$00000007)
    __rt_lib_shutdown_heap_1                 0x000004cb   Thumb Code     0  libshutdown2.o(.ARM.Collect$$libshutdown$$0000000F)
    __rt_lib_shutdown_return                 0x000004cb   Thumb Code     0  libshutdown2.o(.ARM.Collect$$libshutdown$$00000010)
    __rt_lib_shutdown_signal_1               0x000004cb   Thumb Code     0  libshutdown2.o(.ARM.Collect$$libshutdown$$0000000A)
    __rt_lib_shutdown_stdio_1                0x000004cb   Thumb Code     0  libshutdown2.o(.ARM.Collect$$libshutdown$$00000004)
    __rt_lib_shutdown_user_alloc_1           0x000004cb   Thumb Code     0  libshutdown2.o(.ARM.Collect$$libshutdown$$0000000C)
    __rt_entry                               0x000004cd   Thumb Code     0  __rtentry.o(.ARM.Collect$$rtentry$$00000000)
    __rt_entry_presh_1                       0x000004cd   Thumb Code     0  __rtentry2.o(.ARM.Collect$$rtentry$$00000002)
    __rt_entry_sh                            0x000004cd   Thumb Code     0  __rtentry4.o(.ARM.Collect$$rtentry$$00000004)
    __rt_entry_li                            0x000004d3   Thumb Code     0  __rtentry2.o(.ARM.Collect$$rtentry$$0000000A)
    __rt_entry_postsh_1                      0x000004d3   Thumb Code     0  __rtentry2.o(.ARM.Collect$$rtentry$$00000009)
    __rt_entry_main                          0x000004d7   Thumb Code     0  __rtentry2.o(.ARM.Collect$$rtentry$$0000000D)
    __rt_entry_postli_1                      0x000004d7   Thumb Code     0  __rtentry2.o(.ARM.Collect$$rtentry$$0000000C)
    __rt_exit                                0x000004df   Thumb Code     0  rtexit.o(.ARM.Collect$$rtexit$$00000000)
    __rt_exit_ls                             0x000004e1   Thumb Code     0  rtexit2.o(.ARM.Collect$$rtexit$$00000003)
    __rt_exit_prels_1                        0x000004e1   Thumb Code     0  rtexit2.o(.ARM.Collect$$rtexit$$00000002)
    __rt_exit_exit                           0x000004e5   Thumb Code     0  rtexit2.o(.ARM.Collect$$rtexit$$00000004)
    Reset_Handler                            0x000004ed   Thumb Code     8  startup_mk20d7.o(.text)
    NMI_Handler                              0x000004f5   Thumb Code     2  startup_mk20d7.o(.text)
    HardFault_Handler                        0x000004f7   Thumb Code     2  startup_mk20d7.o(.text)
    MemManage_Handler                        0x000004f9   Thumb Code     2  startup_mk20d7.o(.text)
    BusFault_Handler                         0x000004fb   Thumb Code     2  startup_mk20d7.o(.text)
    UsageFault_Handler                       0x000004fd   Thumb Code     2  startup_mk20d7.o(.text)
    SVC_Handler                              0x000004ff   Thumb Code     2  startup_mk20d7.o(.text)
    DebugMon_Handler                         0x00000501   Thumb Code     2  startup_mk20d7.o(.text)
    PendSV_Handler                           0x00000503   Thumb Code     2  startup_mk20d7.o(.text)
    ADC0_IRQHandler                          0x00000507   Thumb Code     0  startup_mk20d7.o(.text)
    ADC1_IRQHandler                          0x00000507   Thumb Code     0  startup_mk20d7.o(.text)
    CAN0_Bus_Off_IRQHandler                  0x00000507   Thumb Code     0  startup_mk20d7.o(.text)
    CAN0_Error_IRQHandler                    0x00000507   Thumb Code     0  startup_mk20d7.o(.text)
    CAN0_ORed_Message_buffer_IRQHandler      0x00000507   Thumb Code     0  startup_mk20d7.o(.text)
    CAN0_Rx_Warning_IRQHandler               0x00000507   Thumb Code     0  startup_mk20d7.o(.text)
    CAN0_Tx_Warning_IRQHandler               0x00000507   Thumb Code     0  startup_mk20d7.o(.text)
    CAN0_Wake_Up_IRQHandler                  0x00000507   Thumb Code     0  startup_mk20d7.o(.text)
    CMP0_IRQHandler                          0x00000507   Thumb Code     0  startup_mk20d7.o(.text)
    CMP1_IRQHandler                          0x00000507   Thumb Code     0  startup_mk20d7.o(.text)
    CMP2_IRQHandler                          0x00000507   Thumb Code     0  startup_mk20d7.o(.text)
    CMT_IRQHandler                           0x00000507   Thumb Code     0  startup_mk20d7.o(.text)
    DAC0_IRQHandler                          0x00000507   Thumb Code     0  startup_mk20d7.o(.text)
    DMA0_IRQHandler                          0x00000507   Thumb Code     0  startup_mk20d7.o(.text)
    DMA10_IRQHandler                         0x00000507   Thumb Code     0  startup_mk20d7.o(.text)
    DMA11_IRQHandler                         0x00000507   Thumb Code     0  startup_mk20d7.o(.text)
    DMA12_IRQHandler                         0x00000507   Thumb Code     0  startup_mk20d7.o(.text)
    DMA13_IRQHandler                         0x00000507   Thumb Code     0  startup_mk20d7.o(.text)
    DMA14_IRQHandler                         0x00000507   Thumb Code     0  startup_mk20d7.o(.text)
    DMA15_IRQHandler                         0x00000507   Thumb Code     0  startup_mk20d7.o(.text)
    DMA1_IRQHandler                          0x00000507   Thumb Code     0  startup_mk20d7.o(.text)
    DMA2_IRQHandler                          0x00000507   Thumb Code     0  startup_mk20d7.o(.text)
    DMA3_IRQHandler                          0x00000507   Thumb Code     0  startup_mk20d7.o(.text)
    DMA4_IRQHandler                          0x00000507   Thumb Code     0  startup_mk20d7.o(.text)
    DMA5_IRQHandler                          0x00000507   Thumb Code     0  startup_mk20d7.o(.text)
    DMA6_IRQHandler                          0x00000507   Thumb Code     0  startup_mk20d7.o(.text)
    DMA7_IRQHandler                          0x00000507   Thumb Code     0  startup_mk20d7.o(.text)
    DMA8_IRQHandler                          0x00000507   Thumb Code     0  startup_mk20d7.o(.text)
    DMA9_IRQHandler                          0x00000507   Thumb Code     0  startup_mk20d7.o(.text)
    DMA_Error_IRQHandler                     0x00000507   Thumb Code     0  startup_mk20d7.o(.text)
    DefaultISR                               0x00000507   Thumb Code     0  startup_mk20d7.o(.text)
    FTFL_IRQHandler                          0x00000507   Thumb Code     0  startup_mk20d7.o(.text)
    FTM0_IRQHandler                          0x00000507   Thumb Code     0  startup_mk20d7.o(.text)
    FTM1_IRQHandler                          0x00000507   Thumb Code     0  startup_mk20d7.o(.text)
    FTM2_IRQHandler                          0x00000507   Thumb Code     0  startup_mk20d7.o(.text)
    I2C0_IRQHandler                          0x00000507   Thumb Code     0  startup_mk20d7.o(.text)
    I2C1_IRQHandler                          0x00000507   Thumb Code     0  startup_mk20d7.o(.text)
    I2S0_Rx_IRQHandler                       0x00000507   Thumb Code     0  startup_mk20d7.o(.text)
    I2S0_Tx_IRQHandler                       0x00000507   Thumb Code     0  startup_mk20d7.o(.text)
    LLW_IRQHandler                           0x00000507   Thumb Code     0  startup_mk20d7.o(.text)
    LPTimer_IRQHandler                       0x00000507   Thumb Code     0  startup_mk20d7.o(.text)
    LVD_LVW_IRQHandler                       0x00000507   Thumb Code     0  startup_mk20d7.o(.text)
    MCG_IRQHandler                           0x00000507   Thumb Code     0  startup_mk20d7.o(.text)
    MCM_IRQHandler                           0x00000507   Thumb Code     0  startup_mk20d7.o(.text)
    PDB0_IRQHandler                          0x00000507   Thumb Code     0  startup_mk20d7.o(.text)
    PIT0_IRQHandler                          0x00000507   Thumb Code     0  startup_mk20d7.o(.text)
    PIT1_IRQHandler                          0x00000507   Thumb Code     0  startup_mk20d7.o(.text)
    PIT2_IRQHandler                          0x00000507   Thumb Code     0  startup_mk20d7.o(.text)
    PIT3_IRQHandler                          0x00000507   Thumb Code     0  startup_mk20d7.o(.text)
    PORTA_IRQHandler                         0x00000507   Thumb Code     0  startup_mk20d7.o(.text)
    PORTB_IRQHandler                         0x00000507   Thumb Code     0  startup_mk20d7.o(.text)
    PORTD_IRQHandler                         0x00000507   Thumb Code     0  startup_mk20d7.o(.text)
    PORTE_IRQHandler                         0x00000507   Thumb Code     0  startup_mk20d7.o(.text)
    RTC_IRQHandler                           0x00000507   Thumb Code     0  startup_mk20d7.o(.text)
    RTC_Seconds_IRQHandler                   0x00000507   Thumb Code     0  startup_mk20d7.o(.text)
    Read_Collision_IRQHandler                0x00000507   Thumb Code     0  startup_mk20d7.o(.text)
    Reserved102_IRQHandler                   0x00000507   Thumb Code     0  startup_mk20d7.o(.text)
    Reserved108_IRQHandler                   0x00000507   Thumb Code     0  startup_mk20d7.o(.text)
    Reserved109_IRQHandler                   0x00000507   Thumb Code     0  startup_mk20d7.o(.text)
    Reserved39_IRQHandler                    0x00000507   Thumb Code     0  startup_mk20d7.o(.text)
    Reserved44_IRQHandler                    0x00000507   Thumb Code     0  startup_mk20d7.o(.text)
    Reserved53_IRQHandler                    0x00000507   Thumb Code     0  startup_mk20d7.o(.text)
    Reserved54_IRQHandler                    0x00000507   Thumb Code     0  startup_mk20d7.o(.text)
    Reserved55_IRQHandler                    0x00000507   Thumb Code     0  startup_mk20d7.o(.text)
    Reserved56_IRQHandler                    0x00000507   Thumb Code     0  startup_mk20d7.o(.text)
    Reserved57_IRQHandler                    0x00000507   Thumb Code     0  startup_mk20d7.o(.text)
    Reserved58_IRQHandler                    0x00000507   Thumb Code     0  startup_mk20d7.o(.text)
    Reserved59_IRQHandler                    0x00000507   Thumb Code     0  startup_mk20d7.o(.text)
    Reserved71_IRQHandler                    0x00000507   Thumb Code     0  startup_mk20d7.o(.text)
    Reserved72_IRQHandler                    0x00000507   Thumb Code     0  startup_mk20d7.o(.text)
    Reserved91_IRQHandler                    0x00000507   Thumb Code     0  startup_mk20d7.o(.text)
    Reserved92_IRQHandler                    0x00000507   Thumb Code     0  startup_mk20d7.o(.text)
    Reserved93_IRQHandler                    0x00000507   Thumb Code     0  startup_mk20d7.o(.text)
    Reserved94_IRQHandler                    0x00000507   Thumb Code     0  startup_mk20d7.o(.text)
    Reserved95_IRQHandler                    0x00000507   Thumb Code     0  startup_mk20d7.o(.text)
    Reserved96_IRQHandler                    0x00000507   Thumb Code     0  startup_mk20d7.o(.text)
    Reserved98_IRQHandler                    0x00000507   Thumb Code     0  startup_mk20d7.o(.text)
    SPI0_IRQHandler                          0x00000507   Thumb Code     0  startup_mk20d7.o(.text)
    SPI1_IRQHandler                          0x00000507   Thumb Code     0  startup_mk20d7.o(.text)
    SWI_IRQHandler                           0x00000507   Thumb Code     0  startup_mk20d7.o(.text)
    TSI0_IRQHandler                          0x00000507   Thumb Code     0  startup_mk20d7.o(.text)
    UART0_ERR_IRQHandler                     0x00000507   Thumb Code     0  startup_mk20d7.o(.text)
    UART0_LON_IRQHandler                     0x00000507   Thumb Code     0  startup_mk20d7.o(.text)
    UART1_ERR_IRQHandler                     0x00000507   Thumb Code     0  startup_mk20d7.o(.text)
    UART1_RX_TX_IRQHandler                   0x00000507   Thumb Code     0  startup_mk20d7.o(.text)
    UART2_ERR_IRQHandler                     0x00000507   Thumb Code     0  startup_mk20d7.o(.text)
    UART2_RX_TX_IRQHandler                   0x00000507   Thumb Code     0  startup_mk20d7.o(.text)
    UART3_ERR_IRQHandler                     0x00000507   Thumb Code     0  startup_mk20d7.o(.text)
    UART3_RX_TX_IRQHandler                   0x00000507   Thumb Code     0  startup_mk20d7.o(.text)
    UART4_ERR_IRQHandler                     0x00000507   Thumb Code     0  startup_mk20d7.o(.text)
    UART4_RX_TX_IRQHandler                   0x00000507   Thumb Code     0  startup_mk20d7.o(.text)
    USB0_IRQHandler                          0x00000507   Thumb Code     0  startup_mk20d7.o(.text)
    USBDCD_IRQHandler                        0x00000507   Thumb Code     0  startup_mk20d7.o(.text)
    Watchdog_IRQHandler                      0x00000507   Thumb Code     0  startup_mk20d7.o(.text)
    __user_initial_stackheap                 0x00000509   Thumb Code     0  startup_mk20d7.o(.text)
    arm_mean_q15                             0x00000529   Thumb Code   192  arm_mean_q15.o(.text)
    arm_fill_q15                             0x000005e9   Thumb Code   122  arm_fill_q15.o(.text)
    __use_two_region_memory                  0x00000663   Thumb Code     2  heapauxi.o(.text)
    __rt_heap_escrow$2region                 0x00000665   Thumb Code     2  heapauxi.o(.text)
    __rt_heap_expand$2region                 0x00000667   Thumb Code     2  heapauxi.o(.text)
    __user_setup_stackheap                   0x00000669   Thumb Code    74  sys_stackheap_outer.o(.text)
    exit                                     0x000006b3   Thumb Code    18  exit.o(.text)
    __user_libspace                          0x000006c5   Thumb Code     8  libspace.o(.text)
    __user_perproc_libspace                  0x000006c5   Thumb Code     0  libspace.o(.text)
    __user_perthread_libspace                0x000006c5   Thumb Code     0  libspace.o(.text)
    _sys_exit                                0x000006cd   Thumb Code     8  sys_exit.o(.text)
    __I$use$semihosting                      0x000006d9   Thumb Code     0  use_no_semi.o(.text)
    __use_no_semihosting_swi                 0x000006d9   Thumb Code     2  use_no_semi.o(.text)
    __semihosting_library_function           0x000006db   Thumb Code     0  indicate_semi.o(.text)
    ADC0_Init                                0x000006dd   Thumb Code    42  drivers.o(i.ADC0_Init)
    ADC0_Read                                0x00000711   Thumb Code    36  drivers.o(i.ADC0_Read)
    Finger_Action                            0x0000073d   Thumb Code   216  main.o(i.Finger_Action)
    Finger_Close                             0x00000819   Thumb Code    88  main.o(i.Finger_Close)
    Finger_Open                              0x00000879   Thumb Code    88  main.o(i.Finger_Open)
    Finger_Stop                              0x000008d9   Thumb Code    88  main.o(i.Finger_Stop)
    Finger_Timing                            0x00000939   Thumb Code    50  main.o(i.Finger_Timing)
    LED_Init                                 0x0000096d   Thumb Code    50  drivers.o(i.LED_Init)
    LED_Off                                  0x000009ad   Thumb Code    18  drivers.o(i.LED_Off)
    LED_On                                   0x000009c5   Thumb Code    18  drivers.o(i.LED_On)
    Output_Init                              0x000009dd   Thumb Code   204  drivers.o(i.Output_Init)
    PORTC_IRQHandler                         0x00000abd   Thumb Code   120  main.o(i.PORTC_IRQHandler)
    Switch_Init                              0x00000b41   Thumb Code   114  drivers.o(i.Switch_Init)
    SysTick_Handler                          0x00000bc5   Thumb Code   136  main.o(i.SysTick_Handler)
    SystemInit                               0x00000c61   Thumb Code   340  system_mk20d7.o(i.SystemInit)
    UART0_Init                               0x00000de1   Thumb Code    78  drivers.o(i.UART0_Init)
    UART0_RX_TX_IRQHandler                   0x00000e3d   Thumb Code    12  main.o(i.UART0_RX_TX_IRQHandler)
    UART0_send                               0x00000e4d   Thumb Code    20  drivers.o(i.UART0_send)
    main                                     0x00000e81   Thumb Code   144  main.o(i.main)
    fingers_mask                             0x00000f24   Data          48  main.o(.constdata)
    Region$$Table$$Base                      0x00000f6c   Number         0  anon$$obj.o(Region$$Table)
    Region$$Table$$Limit                     0x00000f8c   Number         0  anon$$obj.o(Region$$Table)
    fingers_addr                             0x20000000   Data          48  main.o(.data)
    thumb_f                                  0x20000030   Data         112  main.o(.data)
    index_f                                  0x200000a0   Data         112  main.o(.data)
    middle_f                                 0x20000110   Data         112  main.o(.data)
    ring_f                                   0x20000180   Data         112  main.o(.data)
    little_f                                 0x200001f0   Data         112  main.o(.data)
    thumb_rot                                0x20000260   Data         112  main.o(.data)
    btn                                      0x200002d0   Data           1  main.o(.data)
    cmd                                      0x200002d1   Data           1  main.o(.data)
    ticks                                    0x200002d4   Data           4  main.o(.data)
    i                                        0x200002d8   Data           1  main.o(.data)
    SystemCoreClock                          0x200002dc   Data           4  system_mk20d7.o(.data)
    __libspace_start                         0x200002e0   Data          96  libspace.o(.bss)
    __temporary_stack_top$libspace           0x20000340   Data           0  libspace.o(.bss)



==============================================================================

Memory Map of the image

  Image Entry point : 0x000004ed

  Load Region LR_1 (Base: 0x00000000, Size: 0x0000126c, Max: 0xffffffff, ABSOLUTE, COMPRESSED[0x00000fb4])

    Execution Region ER_RO (Base: 0x00000000, Size: 0x00000f8c, Max: 0xffffffff, ABSOLUTE)

    Base Addr    Size         Type   Attr      Idx    E Section Name        Object

    0x00000000   0x00000400   Data   RO          261    RESET               startup_mk20d7.o
    0x00000400   0x00000010   Code   RO          262    .ARM.__at_0x400     startup_mk20d7.o
    0x00000410   0x00000008   Code   RO          391  * !!!main             c_w.l(__main.o)
    0x00000418   0x00000034   Code   RO          550    !!!scatter          c_w.l(__scatter.o)
    0x0000044c   0x0000005a   Code   RO          548    !!dczerorl2         c_w.l(__dczerorl2.o)
    0x000004a6   0x00000002   PAD
    0x000004a8   0x0000001c   Code   RO          552    !!handler_zi        c_w.l(__scatter_zi.o)
    0x000004c4   0x00000002   Code   RO          418    .ARM.Collect$$libinit$$00000000  c_w.l(libinit.o)
    0x000004c6   0x00000000   Code   RO          425    .ARM.Collect$$libinit$$00000002  c_w.l(libinit2.o)
    0x000004c6   0x00000000   Code   RO          427    .ARM.Collect$$libinit$$00000004  c_w.l(libinit2.o)
    0x000004c6   0x00000000   Code   RO          430    .ARM.Collect$$libinit$$0000000A  c_w.l(libinit2.o)
    0x000004c6   0x00000000   Code   RO          432    .ARM.Collect$$libinit$$0000000C  c_w.l(libinit2.o)
    0x000004c6   0x00000000   Code   RO          434    .ARM.Collect$$libinit$$0000000E  c_w.l(libinit2.o)
    0x000004c6   0x00000000   Code   RO          437    .ARM.Collect$$libinit$$00000011  c_w.l(libinit2.o)
    0x000004c6   0x00000000   Code   RO          439    .ARM.Collect$$libinit$$00000013  c_w.l(libinit2.o)
    0x000004c6   0x00000000   Code   RO          441    .ARM.Collect$$libinit$$00000015  c_w.l(libinit2.o)
    0x000004c6   0x00000000   Code   RO          443    .ARM.Collect$$libinit$$00000017  c_w.l(libinit2.o)
    0x000004c6   0x00000000   Code   RO          445    .ARM.Collect$$libinit$$00000019  c_w.l(libinit2.o)
    0x000004c6   0x00000000   Code   RO          447    .ARM.Collect$$libinit$$0000001B  c_w.l(libinit2.o)
    0x000004c6   0x00000000   Code   RO          449    .ARM.Collect$$libinit$$0000001D  c_w.l(libinit2.o)
    0x000004c6   0x00000000   Code   RO          451    .ARM.Collect$$libinit$$0000001F  c_w.l(libinit2.o)
    0x000004c6   0x00000000   Code   RO          453    .ARM.Collect$$libinit$$00000021  c_w.l(libinit2.o)
    0x000004c6   0x00000000   Code   RO          455    .ARM.Collect$$libinit$$00000023  c_w.l(libinit2.o)
    0x000004c6   0x00000000   Code   RO          457    .ARM.Collect$$libinit$$00000025  c_w.l(libinit2.o)
    0x000004c6   0x00000000   Code   RO          461    .ARM.Collect$$libinit$$0000002C  c_w.l(libinit2.o)
    0x000004c6   0x00000000   Code   RO          463    .ARM.Collect$$libinit$$0000002E  c_w.l(libinit2.o)
    0x000004c6   0x00000000   Code   RO          465    .ARM.Collect$$libinit$$00000030  c_w.l(libinit2.o)
    0x000004c6   0x00000000   Code   RO          467    .ARM.Collect$$libinit$$00000032  c_w.l(libinit2.o)
    0x000004c6   0x00000002   Code   RO          468    .ARM.Collect$$libinit$$00000033  c_w.l(libinit2.o)
    0x000004c8   0x00000002   Code   RO          488    .ARM.Collect$$libshutdown$$00000000  c_w.l(libshutdown.o)
    0x000004ca   0x00000000   Code   RO          501    .ARM.Collect$$libshutdown$$00000002  c_w.l(libshutdown2.o)
    0x000004ca   0x00000000   Code   RO          503    .ARM.Collect$$libshutdown$$00000004  c_w.l(libshutdown2.o)
    0x000004ca   0x00000000   Code   RO          506    .ARM.Collect$$libshutdown$$00000007  c_w.l(libshutdown2.o)
    0x000004ca   0x00000000   Code   RO          509    .ARM.Collect$$libshutdown$$0000000A  c_w.l(libshutdown2.o)
    0x000004ca   0x00000000   Code   RO          511    .ARM.Collect$$libshutdown$$0000000C  c_w.l(libshutdown2.o)
    0x000004ca   0x00000000   Code   RO          514    .ARM.Collect$$libshutdown$$0000000F  c_w.l(libshutdown2.o)
    0x000004ca   0x00000002   Code   RO          515    .ARM.Collect$$libshutdown$$00000010  c_w.l(libshutdown2.o)
    0x000004cc   0x00000000   Code   RO          393    .ARM.Collect$$rtentry$$00000000  c_w.l(__rtentry.o)
    0x000004cc   0x00000000   Code   RO          395    .ARM.Collect$$rtentry$$00000002  c_w.l(__rtentry2.o)
    0x000004cc   0x00000006   Code   RO          407    .ARM.Collect$$rtentry$$00000004  c_w.l(__rtentry4.o)
    0x000004d2   0x00000000   Code   RO          397    .ARM.Collect$$rtentry$$00000009  c_w.l(__rtentry2.o)
    0x000004d2   0x00000004   Code   RO          398    .ARM.Collect$$rtentry$$0000000A  c_w.l(__rtentry2.o)
    0x000004d6   0x00000000   Code   RO          400    .ARM.Collect$$rtentry$$0000000C  c_w.l(__rtentry2.o)
    0x000004d6   0x00000008   Code   RO          401    .ARM.Collect$$rtentry$$0000000D  c_w.l(__rtentry2.o)
    0x000004de   0x00000002   Code   RO          422    .ARM.Collect$$rtexit$$00000000  c_w.l(rtexit.o)
    0x000004e0   0x00000000   Code   RO          470    .ARM.Collect$$rtexit$$00000002  c_w.l(rtexit2.o)
    0x000004e0   0x00000004   Code   RO          471    .ARM.Collect$$rtexit$$00000003  c_w.l(rtexit2.o)
    0x000004e4   0x00000006   Code   RO          472    .ARM.Collect$$rtexit$$00000004  c_w.l(rtexit2.o)
    0x000004ea   0x00000002   PAD
    0x000004ec   0x0000003c   Code   RO          263  * .text               startup_mk20d7.o
    0x00000528   0x000000c0   Code   RO          312    .text               arm_cortexM4l_math.lib(arm_mean_q15.o)
    0x000005e8   0x0000007a   Code   RO          364    .text               arm_cortexM4l_math.lib(arm_fill_q15.o)
    0x00000662   0x00000006   Code   RO          389    .text               c_w.l(heapauxi.o)
    0x00000668   0x0000004a   Code   RO          409    .text               c_w.l(sys_stackheap_outer.o)
    0x000006b2   0x00000012   Code   RO          411    .text               c_w.l(exit.o)
    0x000006c4   0x00000008   Code   RO          419    .text               c_w.l(libspace.o)
    0x000006cc   0x0000000c   Code   RO          480    .text               c_w.l(sys_exit.o)
    0x000006d8   0x00000002   Code   RO          491    .text               c_w.l(use_no_semi.o)
    0x000006da   0x00000000   Code   RO          493    .text               c_w.l(indicate_semi.o)
    0x000006da   0x00000002   PAD
    0x000006dc   0x00000034   Code   RO          125    i.ADC0_Init         drivers.o
    0x00000710   0x0000002c   Code   RO          126    i.ADC0_Read         drivers.o
    0x0000073c   0x000000dc   Code   RO            4    i.Finger_Action     main.o
    0x00000818   0x00000060   Code   RO            5    i.Finger_Close      main.o
    0x00000878   0x00000060   Code   RO            6    i.Finger_Open       main.o
    0x000008d8   0x00000060   Code   RO            7    i.Finger_Stop       main.o
    0x00000938   0x00000032   Code   RO            8    i.Finger_Timing     main.o
    0x0000096a   0x00000002   PAD
    0x0000096c   0x00000040   Code   RO          128    i.LED_Init          drivers.o
    0x000009ac   0x00000018   Code   RO          129    i.LED_Off           drivers.o
    0x000009c4   0x00000018   Code   RO          130    i.LED_On            drivers.o
    0x000009dc   0x000000e0   Code   RO          132    i.Output_Init       drivers.o
    0x00000abc   0x00000084   Code   RO            9    i.PORTC_IRQHandler  main.o
    0x00000b40   0x00000084   Code   RO          133    i.Switch_Init       drivers.o
    0x00000bc4   0x0000009c   Code   RO           10    i.SysTick_Handler   main.o
    0x00000c60   0x00000180   Code   RO          273    i.SystemInit        system_mk20d7.o
    0x00000de0   0x0000005c   Code   RO          134    i.UART0_Init        drivers.o
    0x00000e3c   0x00000010   Code   RO           11    i.UART0_RX_TX_IRQHandler  main.o
    0x00000e4c   0x00000018   Code   RO          136    i.UART0_send        drivers.o
    0x00000e64   0x0000001a   Code   RO          140    i.__NVIC_EnableIRQ  drivers.o
    0x00000e7e   0x00000002   PAD
    0x00000e80   0x000000a4   Code   RO           12    i.main              main.o
    0x00000f24   0x00000030   Data   RO           13    .constdata          main.o
    0x00000f54   0x00000017   Data   RO          143    .constdata          drivers.o
    0x00000f6b   0x00000001   PAD
    0x00000f6c   0x00000020   Data   RO          546    Region$$Table       anon$$obj.o


    Execution Region ER_RW (Base: 0x20000000, Size: 0x000002e0, Max: 0xffffffff, ABSOLUTE, COMPRESSED[0x00000028])

    Base Addr    Size         Type   Attr      Idx    E Section Name        Object

    0x20000000   0x000002d9   Data   RW           14    .data               main.o
    0x200002d9   0x00000003   PAD
    0x200002dc   0x00000004   Data   RW          274    .data               system_mk20d7.o


    Execution Region ER_ZI (Base: 0x200002e0, Size: 0x00000460, Max: 0xffffffff, ABSOLUTE)

    Base Addr    Size         Type   Attr      Idx    E Section Name        Object

    0x200002e0   0x00000060   Zero   RW          420    .bss                c_w.l(libspace.o)
    0x20000340   0x00000000   Zero   RW          260    HEAP                startup_mk20d7.o
    0x20000340   0x00000400   Zero   RW          259    STACK               startup_mk20d7.o


==============================================================================

Image component sizes


      Code (inc. data)   RO Data    RW Data    ZI Data      Debug   Object Name

       706        100         23          0          0      30679   drivers.o
      1026         84         48        729          0     237346   main.o
        76         38       1024          0       1024       1004   startup_mk20d7.o
       384         44          0          4          0        847   system_mk20d7.o

    ----------------------------------------------------------------------
      2196        266       1128        736       1024     269876   Object Totals
         0          0         32          0          0          0   (incl. Generated)
         4          0          1          3          0          0   (incl. Padding)

    ----------------------------------------------------------------------

      Code (inc. data)   RO Data    RW Data    ZI Data      Debug   Library Member Name

       122          0          0          0          0       1107   arm_fill_q15.o
       192          0          0          0          0      17523   arm_mean_q15.o
        90          0          0          0          0          0   __dczerorl2.o
         8          0          0          0          0         68   __main.o
         0          0          0          0          0          0   __rtentry.o
        12          0          0          0          0          0   __rtentry2.o
         6          0          0          0          0          0   __rtentry4.o
        52          8          0          0          0          0   __scatter.o
        28          0          0          0          0          0   __scatter_zi.o
        18          0          0          0          0         80   exit.o
         6          0          0          0          0        152   heapauxi.o
         0          0          0          0          0          0   indicate_semi.o
         2          0          0          0          0          0   libinit.o
         2          0          0          0          0          0   libinit2.o
         2          0          0          0          0          0   libshutdown.o
         2          0          0          0          0          0   libshutdown2.o
         8          4          0          0         96         68   libspace.o
         2          0          0          0          0          0   rtexit.o
        10          0          0          0          0          0   rtexit2.o
        12          4          0          0          0         68   sys_exit.o
        74          0          0          0          0         80   sys_stackheap_outer.o
         2          0          0          0          0         68   use_no_semi.o

    ----------------------------------------------------------------------
       656         16          0          0         96      19214   Library Totals
         6          0          0          0          0          0   (incl. Padding)

    ----------------------------------------------------------------------

      Code (inc. data)   RO Data    RW Data    ZI Data      Debug   Library Name

       314          0          0          0          0      18630   arm_cortexM4l_math.lib
       336         16          0          0         96        584   c_w.l

    ----------------------------------------------------------------------
       656         16          0          0         96      19214   Library Totals

    ----------------------------------------------------------------------

==============================================================================


      Code (inc. data)   RO Data    RW Data    ZI Data      Debug   

      2852        282       1128        736       1120     287942   Grand Totals
      2852        282       1128         40       1120     287942   ELF Image Totals (compressed)
      2852        282       1128         40          0          0   ROM Totals

==============================================================================

    Total RO  Size (Code + RO Data)                 3980 (   3.89kB)
    Total RW  Size (RW Data + ZI Data)              1856 (   1.81kB)
    Total ROM Size (Code + RO Data + RW Data)       4020 (   3.93kB)

==============================================================================

